/Users/amiller/projects/appattest-iphone-20260923/ios-app-attest/app/AppAttestLab.xcodeproj
Command line invocation:
    /Applications/Xcode-27.0.0.app/Contents/Developer/usr/bin/xcodebuild -project /Users/amiller/projects/appattest-iphone-20260923/ios-app-attest/app/AppAttestLab.xcodeproj -scheme AppAttestLab -configuration Release -destination generic/platform=iOS -derivedDataPath /Users/amiller/projects/appattest-iphone-20260923/ios-app-attest/build/adhoc/modified/dd -archivePath /Users/amiller/projects/appattest-iphone-20260923/ios-app-attest/build/adhoc/modified/AppAttestLab.xcarchive -allowProvisioningUpdates DEVELOPMENT_TEAM=DC9JH5DRMY PRODUCT_BUNDLE_IDENTIFIER=dev.dsmack.provider CODE_SIGN_STYLE=Automatic APP_ATTEST_ENVIRONMENT=production "LAB_DEFAULT_ENDPOINT=https://probe.ln.soc1024.com" CURRENT_PROJECT_VERSION=1 SWIFT_ACTIVE_COMPILATION_CONDITIONS=MODIFIED "OTHER_CODE_SIGN_FLAGS=--keychain /Users/amiller/Library/Keychains/dsmack.keychain-db" archive

Build settings from command line:
    APP_ATTEST_ENVIRONMENT = production
    CODE_SIGN_STYLE = Automatic
    CURRENT_PROJECT_VERSION = 1
    DEVELOPMENT_TEAM = DC9JH5DRMY
    LAB_DEFAULT_ENDPOINT = https://probe.ln.soc1024.com
    OTHER_CODE_SIGN_FLAGS = --keychain /Users/amiller/Library/Keychains/dsmack.keychain-db
    PRODUCT_BUNDLE_IDENTIFIER = dev.dsmack.provider
    SWIFT_ACTIVE_COMPILATION_CONDITIONS = MODIFIED

ComputePackagePrebuildTargetDependencyGraph

Prepare packages

CreateBuildRequest

SendProjectDescription

CreateBuildOperation

ComputeTargetDependencyGraph
note: Building targets in dependency order
note: Target dependency graph (1 target)
    Target 'AppAttestLab' in project 'AppAttestLab' (no dependencies)

GatherProvisioningInputs

CreateBuildDescription

ExecuteExternalTool /Applications/Xcode-27.0.0.app/Contents/Developer/Toolchains/XcodeDefault.xctoolchain/usr/bin/clang -v -E -dM -isysroot /Applications/Xcode-27.0.0.app/Contents/Developer/Platforms/iPhoneOS.platform/Developer/SDKs/iPhoneOS27.0.sdk -x c -c /dev/null

ExecuteExternalTool /Applications/Xcode-27.0.0.app/Contents/Developer/Toolchains/XcodeDefault.xctoolchain/usr/bin/swiftc --version

ExecuteExternalTool /Applications/Xcode-27.0.0.app/Contents/Developer/Toolchains/XcodeDefault.xctoolchain/usr/bin/ld -version_details

Build description signature: cdb9cfbe7fb1b655e37c4757c1677e50
Build description path: /Users/amiller/projects/appattest-iphone-20260923/ios-app-attest/build/adhoc/modified/dd/Build/Intermediates.noindex/ArchiveIntermediates/AppAttestLab/IntermediateBuildFilesPath/XCBuildData/cdb9cfbe7fb1b655e37c4757c1677e50.xcbuilddata
CreateBuildDirectory /Users/amiller/projects/appattest-iphone-20260923/ios-app-attest/build/adhoc/modified/dd/SDKExplicitPrecompiledModules
    cd /Users/amiller/projects/appattest-iphone-20260923/ios-app-attest/app/AppAttestLab.xcodeproj
    builtin-create-build-directory /Users/amiller/projects/appattest-iphone-20260923/ios-app-attest/build/adhoc/modified/dd/SDKExplicitPrecompiledModules

CreateBuildDirectory /Users/amiller/projects/appattest-iphone-20260923/ios-app-attest/build/adhoc/modified/dd/ModuleCache.noindex
    cd /Users/amiller/projects/appattest-iphone-20260923/ios-app-attest/app/AppAttestLab.xcodeproj
    builtin-create-build-directory /Users/amiller/projects/appattest-iphone-20260923/ios-app-attest/build/adhoc/modified/dd/ModuleCache.noindex

CreateBuildDirectory /Users/amiller/projects/appattest-iphone-20260923/ios-app-attest/build/adhoc/modified/dd/CompilationCache.noindex
    cd /Users/amiller/projects/appattest-iphone-20260923/ios-app-attest/app/AppAttestLab.xcodeproj
    builtin-create-build-directory /Users/amiller/projects/appattest-iphone-20260923/ios-app-attest/build/adhoc/modified/dd/CompilationCache.noindex

CreateBuildDirectory /Users/amiller/projects/appattest-iphone-20260923/ios-app-attest/build/adhoc/modified/dd/Build/Intermediates.noindex/ArchiveIntermediates/AppAttestLab/PrecompiledHeaders
    cd /Users/amiller/projects/appattest-iphone-20260923/ios-app-attest/app/AppAttestLab.xcodeproj
    builtin-create-build-directory /Users/amiller/projects/appattest-iphone-20260923/ios-app-attest/build/adhoc/modified/dd/Build/Intermediates.noindex/ArchiveIntermediates/AppAttestLab/PrecompiledHeaders

CreateBuildDirectory /Users/amiller/projects/appattest-iphone-20260923/ios-app-attest/build/adhoc/modified/dd/Build/Intermediates.noindex/ArchiveIntermediates/AppAttestLab/BuildProductsPath
    cd /Users/amiller/projects/appattest-iphone-20260923/ios-app-attest/app/AppAttestLab.xcodeproj
    builtin-create-build-directory /Users/amiller/projects/appattest-iphone-20260923/ios-app-attest/build/adhoc/modified/dd/Build/Intermediates.noindex/ArchiveIntermediates/AppAttestLab/BuildProductsPath

CreateBuildDirectory /Users/amiller/projects/appattest-iphone-20260923/ios-app-attest/build/adhoc/modified/dd/Build/Intermediates.noindex/ArchiveIntermediates/AppAttestLab/InstallationBuildProductsLocation
    cd /Users/amiller/projects/appattest-iphone-20260923/ios-app-attest/app/AppAttestLab.xcodeproj
    builtin-create-build-directory /Users/amiller/projects/appattest-iphone-20260923/ios-app-attest/build/adhoc/modified/dd/Build/Intermediates.noindex/ArchiveIntermediates/AppAttestLab/InstallationBuildProductsLocation

CreateBuildDirectory /Users/amiller/projects/appattest-iphone-20260923/ios-app-attest/build/adhoc/modified/dd/Build/Intermediates.noindex/ArchiveIntermediates/AppAttestLab/IntermediateBuildFilesPath
    cd /Users/amiller/projects/appattest-iphone-20260923/ios-app-attest/app/AppAttestLab.xcodeproj
    builtin-create-build-directory /Users/amiller/projects/appattest-iphone-20260923/ios-app-attest/build/adhoc/modified/dd/Build/Intermediates.noindex/ArchiveIntermediates/AppAttestLab/IntermediateBuildFilesPath

ClangStatCache /Applications/Xcode-27.0.0.app/Contents/Developer/Toolchains/XcodeDefault.xctoolchain/usr/bin/clang-stat-cache /Applications/Xcode-27.0.0.app/Contents/Developer/Platforms/iPhoneOS.platform/Developer/SDKs/iPhoneOS27.0.sdk /Users/amiller/projects/appattest-iphone-20260923/ios-app-attest/build/adhoc/modified/dd/SDKStatCaches.noindex/iphoneos27.0-24A430-1fbf9a8c2e33c77c19098db08c7af4fe.sdkstatcache
    cd /Users/amiller/projects/appattest-iphone-20260923/ios-app-attest/app/AppAttestLab.xcodeproj
    /Applications/Xcode-27.0.0.app/Contents/Developer/Toolchains/XcodeDefault.xctoolchain/usr/bin/clang-stat-cache /Applications/Xcode-27.0.0.app/Contents/Developer/Platforms/iPhoneOS.platform/Developer/SDKs/iPhoneOS27.0.sdk -o /Users/amiller/projects/appattest-iphone-20260923/ios-app-attest/build/adhoc/modified/dd/SDKStatCaches.noindex/iphoneos27.0-24A430-1fbf9a8c2e33c77c19098db08c7af4fe.sdkstatcache

CreateBuildDirectory /Users/amiller/projects/appattest-iphone-20260923/ios-app-attest/build/adhoc/modified/dd/Build/Intermediates.noindex/ArchiveIntermediates/AppAttestLab/IntermediateBuildFilesPath/SwiftExplicitPrecompiledModules
    cd /Users/amiller/projects/appattest-iphone-20260923/ios-app-attest/app/AppAttestLab.xcodeproj
    builtin-create-build-directory /Users/amiller/projects/appattest-iphone-20260923/ios-app-attest/build/adhoc/modified/dd/Build/Intermediates.noindex/ArchiveIntermediates/AppAttestLab/IntermediateBuildFilesPath/SwiftExplicitPrecompiledModules

CreateBuildDirectory /Users/amiller/projects/appattest-iphone-20260923/ios-app-attest/build/adhoc/modified/dd/Build/Intermediates.noindex/ArchiveIntermediates/AppAttestLab/IntermediateBuildFilesPath/ExplicitPrecompiledModules
    cd /Users/amiller/projects/appattest-iphone-20260923/ios-app-attest/app/AppAttestLab.xcodeproj
    builtin-create-build-directory /Users/amiller/projects/appattest-iphone-20260923/ios-app-attest/build/adhoc/modified/dd/Build/Intermediates.noindex/ArchiveIntermediates/AppAttestLab/IntermediateBuildFilesPath/ExplicitPrecompiledModules

CreateBuildDirectory /Users/amiller/projects/appattest-iphone-20260923/ios-app-attest/build/adhoc/modified/dd/Build/Intermediates.noindex/ArchiveIntermediates/AppAttestLab/BuildProductsPath/Release-iphoneos
    cd /Users/amiller/projects/appattest-iphone-20260923/ios-app-attest/app/AppAttestLab.xcodeproj
    builtin-create-build-directory /Users/amiller/projects/appattest-iphone-20260923/ios-app-attest/build/adhoc/modified/dd/Build/Intermediates.noindex/ArchiveIntermediates/AppAttestLab/BuildProductsPath/Release-iphoneos

CreateBuildDirectory /Users/amiller/projects/appattest-iphone-20260923/ios-app-attest/build/adhoc/modified/dd/Build/Intermediates.noindex/ArchiveIntermediates/AppAttestLab/IntermediateBuildFilesPath/EagerLinkingTBDs/Release-iphoneos
    cd /Users/amiller/projects/appattest-iphone-20260923/ios-app-attest/app/AppAttestLab.xcodeproj
    builtin-create-build-directory /Users/amiller/projects/appattest-iphone-20260923/ios-app-attest/build/adhoc/modified/dd/Build/Intermediates.noindex/ArchiveIntermediates/AppAttestLab/IntermediateBuildFilesPath/EagerLinkingTBDs/Release-iphoneos

WriteAuxiliaryFile /Users/amiller/projects/appattest-iphone-20260923/ios-app-attest/build/adhoc/modified/dd/Build/Intermediates.noindex/ArchiveIntermediates/AppAttestLab/IntermediateBuildFilesPath/AppAttestLab.build/Release-iphoneos/AppAttestLab-f527ef4205f893639b8ba157f106976a-VFS-iphoneos/all-product-headers.yaml
    cd /Users/amiller/projects/appattest-iphone-20260923/ios-app-attest/app/AppAttestLab.xcodeproj
    write-file /Users/amiller/projects/appattest-iphone-20260923/ios-app-attest/build/adhoc/modified/dd/Build/Intermediates.noindex/ArchiveIntermediates/AppAttestLab/IntermediateBuildFilesPath/AppAttestLab.build/Release-iphoneos/AppAttestLab-f527ef4205f893639b8ba157f106976a-VFS-iphoneos/all-product-headers.yaml

WriteAuxiliaryFile /Users/amiller/projects/appattest-iphone-20260923/ios-app-attest/build/adhoc/modified/dd/Build/Intermediates.noindex/ArchiveIntermediates/AppAttestLab/IntermediateBuildFilesPath/AppAttestLab.build/Release-iphoneos/AppAttestLab.build/AppAttestLab.hmap (in target 'AppAttestLab' from project 'AppAttestLab')
    cd /Users/amiller/projects/appattest-iphone-20260923/ios-app-attest/app
    write-file /Users/amiller/projects/appattest-iphone-20260923/ios-app-attest/build/adhoc/modified/dd/Build/Intermediates.noindex/ArchiveIntermediates/AppAttestLab/IntermediateBuildFilesPath/AppAttestLab.build/Release-iphoneos/AppAttestLab.build/AppAttestLab.hmap

WriteAuxiliaryFile /Users/amiller/projects/appattest-iphone-20260923/ios-app-attest/build/adhoc/modified/dd/Build/Intermediates.noindex/ArchiveIntermediates/AppAttestLab/IntermediateBuildFilesPath/AppAttestLab.build/Release-iphoneos/AppAttestLab.build/AppAttestLab-project-headers.hmap (in target 'AppAttestLab' from project 'AppAttestLab')
    cd /Users/amiller/projects/appattest-iphone-20260923/ios-app-attest/app
    write-file /Users/amiller/projects/appattest-iphone-20260923/ios-app-attest/build/adhoc/modified/dd/Build/Intermediates.noindex/ArchiveIntermediates/AppAttestLab/IntermediateBuildFilesPath/AppAttestLab.build/Release-iphoneos/AppAttestLab.build/AppAttestLab-project-headers.hmap

WriteAuxiliaryFile /Users/amiller/projects/appattest-iphone-20260923/ios-app-attest/build/adhoc/modified/dd/Build/Intermediates.noindex/ArchiveIntermediates/AppAttestLab/IntermediateBuildFilesPath/AppAttestLab.build/Release-iphoneos/AppAttestLab.build/AppAttestLab-own-target-headers.hmap (in target 'AppAttestLab' from project 'AppAttestLab')
    cd /Users/amiller/projects/appattest-iphone-20260923/ios-app-attest/app
    write-file /Users/amiller/projects/appattest-iphone-20260923/ios-app-attest/build/adhoc/modified/dd/Build/Intermediates.noindex/ArchiveIntermediates/AppAttestLab/IntermediateBuildFilesPath/AppAttestLab.build/Release-iphoneos/AppAttestLab.build/AppAttestLab-own-target-headers.hmap

WriteAuxiliaryFile /Users/amiller/projects/appattest-iphone-20260923/ios-app-attest/build/adhoc/modified/dd/Build/Intermediates.noindex/ArchiveIntermediates/AppAttestLab/IntermediateBuildFilesPath/AppAttestLab.build/Release-iphoneos/AppAttestLab.build/AppAttestLab.DependencyStaticMetadataFileList (in target 'AppAttestLab' from project 'AppAttestLab')
    cd /Users/amiller/projects/appattest-iphone-20260923/ios-app-attest/app
    write-file /Users/amiller/projects/appattest-iphone-20260923/ios-app-attest/build/adhoc/modified/dd/Build/Intermediates.noindex/ArchiveIntermediates/AppAttestLab/IntermediateBuildFilesPath/AppAttestLab.build/Release-iphoneos/AppAttestLab.build/AppAttestLab.DependencyStaticMetadataFileList

WriteAuxiliaryFile /Users/amiller/projects/appattest-iphone-20260923/ios-app-attest/build/adhoc/modified/dd/Build/Intermediates.noindex/ArchiveIntermediates/AppAttestLab/IntermediateBuildFilesPath/AppAttestLab.build/Release-iphoneos/AppAttestLab.build/AppAttestLab-generated-files.hmap (in target 'AppAttestLab' from project 'AppAttestLab')
    cd /Users/amiller/projects/appattest-iphone-20260923/ios-app-attest/app
    write-file /Users/amiller/projects/appattest-iphone-20260923/ios-app-attest/build/adhoc/modified/dd/Build/Intermediates.noindex/ArchiveIntermediates/AppAttestLab/IntermediateBuildFilesPath/AppAttestLab.build/Release-iphoneos/AppAttestLab.build/AppAttestLab-generated-files.hmap

WriteAuxiliaryFile /Users/amiller/projects/appattest-iphone-20260923/ios-app-attest/build/adhoc/modified/dd/Build/Intermediates.noindex/ArchiveIntermediates/AppAttestLab/IntermediateBuildFilesPath/AppAttestLab.build/Release-iphoneos/AppAttestLab.build/Objects-normal/arm64/AppAttestLab.SwiftConstValuesFileList (in target 'AppAttestLab' from project 'AppAttestLab')
    cd /Users/amiller/projects/appattest-iphone-20260923/ios-app-attest/app
    write-file /Users/amiller/projects/appattest-iphone-20260923/ios-app-attest/build/adhoc/modified/dd/Build/Intermediates.noindex/ArchiveIntermediates/AppAttestLab/IntermediateBuildFilesPath/AppAttestLab.build/Release-iphoneos/AppAttestLab.build/Objects-normal/arm64/AppAttestLab.SwiftConstValuesFileList

WriteAuxiliaryFile /Users/amiller/projects/appattest-iphone-20260923/ios-app-attest/build/adhoc/modified/dd/Build/Intermediates.noindex/ArchiveIntermediates/AppAttestLab/IntermediateBuildFilesPath/AppAttestLab.build/Release-iphoneos/AppAttestLab.build/AppAttestLab.DependencyMetadataFileList (in target 'AppAttestLab' from project 'AppAttestLab')
    cd /Users/amiller/projects/appattest-iphone-20260923/ios-app-attest/app
    write-file /Users/amiller/projects/appattest-iphone-20260923/ios-app-attest/build/adhoc/modified/dd/Build/Intermediates.noindex/ArchiveIntermediates/AppAttestLab/IntermediateBuildFilesPath/AppAttestLab.build/Release-iphoneos/AppAttestLab.build/AppAttestLab.DependencyMetadataFileList

WriteAuxiliaryFile /Users/amiller/projects/appattest-iphone-20260923/ios-app-attest/build/adhoc/modified/dd/Build/Intermediates.noindex/ArchiveIntermediates/AppAttestLab/IntermediateBuildFilesPath/AppAttestLab.build/Release-iphoneos/AppAttestLab.build/Objects-normal/arm64/AppAttestLab.SwiftFileList (in target 'AppAttestLab' from project 'AppAttestLab')
    cd /Users/amiller/projects/appattest-iphone-20260923/ios-app-attest/app
    write-file /Users/amiller/projects/appattest-iphone-20260923/ios-app-attest/build/adhoc/modified/dd/Build/Intermediates.noindex/ArchiveIntermediates/AppAttestLab/IntermediateBuildFilesPath/AppAttestLab.build/Release-iphoneos/AppAttestLab.build/Objects-normal/arm64/AppAttestLab.SwiftFileList

WriteAuxiliaryFile /Users/amiller/projects/appattest-iphone-20260923/ios-app-attest/build/adhoc/modified/dd/Build/Intermediates.noindex/ArchiveIntermediates/AppAttestLab/IntermediateBuildFilesPath/AppAttestLab.build/Release-iphoneos/AppAttestLab.build/AppAttestLab-all-target-headers.hmap (in target 'AppAttestLab' from project 'AppAttestLab')
    cd /Users/amiller/projects/appattest-iphone-20260923/ios-app-attest/app
    write-file /Users/amiller/projects/appattest-iphone-20260923/ios-app-attest/build/adhoc/modified/dd/Build/Intermediates.noindex/ArchiveIntermediates/AppAttestLab/IntermediateBuildFilesPath/AppAttestLab.build/Release-iphoneos/AppAttestLab.build/AppAttestLab-all-target-headers.hmap

WriteAuxiliaryFile /Users/amiller/projects/appattest-iphone-20260923/ios-app-attest/build/adhoc/modified/dd/Build/Intermediates.noindex/ArchiveIntermediates/AppAttestLab/IntermediateBuildFilesPath/AppAttestLab.build/Release-iphoneos/AppAttestLab.build/Objects-normal/arm64/AppAttestLab_const_extract_protocols.json (in target 'AppAttestLab' from project 'AppAttestLab')
    cd /Users/amiller/projects/appattest-iphone-20260923/ios-app-attest/app
    write-file /Users/amiller/projects/appattest-iphone-20260923/ios-app-attest/build/adhoc/modified/dd/Build/Intermediates.noindex/ArchiveIntermediates/AppAttestLab/IntermediateBuildFilesPath/AppAttestLab.build/Release-iphoneos/AppAttestLab.build/Objects-normal/arm64/AppAttestLab_const_extract_protocols.json

WriteAuxiliaryFile /Users/amiller/projects/appattest-iphone-20260923/ios-app-attest/build/adhoc/modified/dd/Build/Intermediates.noindex/ArchiveIntermediates/AppAttestLab/IntermediateBuildFilesPath/AppAttestLab.build/Release-iphoneos/AppAttestLab.build/Objects-normal/arm64/AppAttestLab-OutputFileMap.json (in target 'AppAttestLab' from project 'AppAttestLab')
    cd /Users/amiller/projects/appattest-iphone-20260923/ios-app-attest/app
    write-file /Users/amiller/projects/appattest-iphone-20260923/ios-app-attest/build/adhoc/modified/dd/Build/Intermediates.noindex/ArchiveIntermediates/AppAttestLab/IntermediateBuildFilesPath/AppAttestLab.build/Release-iphoneos/AppAttestLab.build/Objects-normal/arm64/AppAttestLab-OutputFileMap.json

WriteAuxiliaryFile /Users/amiller/projects/appattest-iphone-20260923/ios-app-attest/build/adhoc/modified/dd/Build/Intermediates.noindex/ArchiveIntermediates/AppAttestLab/IntermediateBuildFilesPath/AppAttestLab.build/Release-iphoneos/AppAttestLab.build/Objects-normal/arm64/AppAttestLab.LinkFileList (in target 'AppAttestLab' from project 'AppAttestLab')
    cd /Users/amiller/projects/appattest-iphone-20260923/ios-app-attest/app
    write-file /Users/amiller/projects/appattest-iphone-20260923/ios-app-attest/build/adhoc/modified/dd/Build/Intermediates.noindex/ArchiveIntermediates/AppAttestLab/IntermediateBuildFilesPath/AppAttestLab.build/Release-iphoneos/AppAttestLab.build/Objects-normal/arm64/AppAttestLab.LinkFileList

WriteAuxiliaryFile /Users/amiller/projects/appattest-iphone-20260923/ios-app-attest/build/adhoc/modified/dd/Build/Intermediates.noindex/ArchiveIntermediates/AppAttestLab/IntermediateBuildFilesPath/AppAttestLab.build/Release-iphoneos/AppAttestLab.build/DerivedSources/Entitlements.plist (in target 'AppAttestLab' from project 'AppAttestLab')
    cd /Users/amiller/projects/appattest-iphone-20260923/ios-app-attest/app
    write-file /Users/amiller/projects/appattest-iphone-20260923/ios-app-attest/build/adhoc/modified/dd/Build/Intermediates.noindex/ArchiveIntermediates/AppAttestLab/IntermediateBuildFilesPath/AppAttestLab.build/Release-iphoneos/AppAttestLab.build/DerivedSources/Entitlements.plist

WriteAuxiliaryFile /Users/amiller/projects/appattest-iphone-20260923/ios-app-attest/build/adhoc/modified/dd/Build/Intermediates.noindex/ArchiveIntermediates/AppAttestLab/IntermediateBuildFilesPath/AppAttestLab.build/Release-iphoneos/AppAttestLab.build/AppAttestLab-all-non-framework-target-headers.hmap (in target 'AppAttestLab' from project 'AppAttestLab')
    cd /Users/amiller/projects/appattest-iphone-20260923/ios-app-attest/app
    write-file /Users/amiller/projects/appattest-iphone-20260923/ios-app-attest/build/adhoc/modified/dd/Build/Intermediates.noindex/ArchiveIntermediates/AppAttestLab/IntermediateBuildFilesPath/AppAttestLab.build/Release-iphoneos/AppAttestLab.build/AppAttestLab-all-non-framework-target-headers.hmap

SymLink /Users/amiller/projects/appattest-iphone-20260923/ios-app-attest/build/adhoc/modified/dd/Build/Intermediates.noindex/ArchiveIntermediates/AppAttestLab/BuildProductsPath/Release-iphoneos/AppAttestLab.app ../../InstallationBuildProductsLocation/Applications/AppAttestLab.app (in target 'AppAttestLab' from project 'AppAttestLab')
    cd /Users/amiller/projects/appattest-iphone-20260923/ios-app-attest/app
    /bin/ln -sfh ../../InstallationBuildProductsLocation/Applications/AppAttestLab.app /Users/amiller/projects/appattest-iphone-20260923/ios-app-attest/build/adhoc/modified/dd/Build/Intermediates.noindex/ArchiveIntermediates/AppAttestLab/BuildProductsPath/Release-iphoneos/AppAttestLab.app

MkDir /Users/amiller/projects/appattest-iphone-20260923/ios-app-attest/build/adhoc/modified/dd/Build/Intermediates.noindex/ArchiveIntermediates/AppAttestLab/InstallationBuildProductsLocation/Applications/AppAttestLab.app (in target 'AppAttestLab' from project 'AppAttestLab')
    cd /Users/amiller/projects/appattest-iphone-20260923/ios-app-attest/app
    /bin/mkdir -p /Users/amiller/projects/appattest-iphone-20260923/ios-app-attest/build/adhoc/modified/dd/Build/Intermediates.noindex/ArchiveIntermediates/AppAttestLab/InstallationBuildProductsLocation/Applications/AppAttestLab.app

ProcessProductPackaging /Users/amiller/projects/appattest-iphone-20260923/ios-app-attest/app/AppAttestLab.entitlements /Users/amiller/projects/appattest-iphone-20260923/ios-app-attest/build/adhoc/modified/dd/Build/Intermediates.noindex/ArchiveIntermediates/AppAttestLab/IntermediateBuildFilesPath/AppAttestLab.build/Release-iphoneos/AppAttestLab.build/AppAttestLab.app.xcent (in target 'AppAttestLab' from project 'AppAttestLab')
    cd /Users/amiller/projects/appattest-iphone-20260923/ios-app-attest/app
    
    Entitlements:
    
    {
    "application-identifier" = "DC9JH5DRMY.dev.dsmack.provider";
    "com.apple.developer.devicecheck.app-attest-opt-in" =     (
        CDhash
    );
    "com.apple.developer.devicecheck.appattest-environment" = production;
    "com.apple.developer.team-identifier" = DC9JH5DRMY;
    "get-task-allow" = 1;
}
    
    builtin-productPackagingUtility /Users/amiller/projects/appattest-iphone-20260923/ios-app-attest/app/AppAttestLab.entitlements -entitlements -format xml -o /Users/amiller/projects/appattest-iphone-20260923/ios-app-attest/build/adhoc/modified/dd/Build/Intermediates.noindex/ArchiveIntermediates/AppAttestLab/IntermediateBuildFilesPath/AppAttestLab.build/Release-iphoneos/AppAttestLab.build/AppAttestLab.app.xcent

ProcessProductPackaging /Users/amiller/Library/Developer/Xcode/UserData/Provisioning\ Profiles/bea1b870-3667-4902-b62d-4b0001b9aca6.mobileprovision /Users/amiller/projects/appattest-iphone-20260923/ios-app-attest/build/adhoc/modified/dd/Build/Intermediates.noindex/ArchiveIntermediates/AppAttestLab/InstallationBuildProductsLocation/Applications/AppAttestLab.app/embedded.mobileprovision (in target 'AppAttestLab' from project 'AppAttestLab')
    cd /Users/amiller/projects/appattest-iphone-20260923/ios-app-attest/app
    builtin-productPackagingUtility /Users/amiller/Library/Developer/Xcode/UserData/Provisioning\ Profiles/bea1b870-3667-4902-b62d-4b0001b9aca6.mobileprovision -o /Users/amiller/projects/appattest-iphone-20260923/ios-app-attest/build/adhoc/modified/dd/Build/Intermediates.noindex/ArchiveIntermediates/AppAttestLab/InstallationBuildProductsLocation/Applications/AppAttestLab.app/embedded.mobileprovision

ProcessProductPackagingDER /Users/amiller/projects/appattest-iphone-20260923/ios-app-attest/build/adhoc/modified/dd/Build/Intermediates.noindex/ArchiveIntermediates/AppAttestLab/IntermediateBuildFilesPath/AppAttestLab.build/Release-iphoneos/AppAttestLab.build/AppAttestLab.app.xcent /Users/amiller/projects/appattest-iphone-20260923/ios-app-attest/build/adhoc/modified/dd/Build/Intermediates.noindex/ArchiveIntermediates/AppAttestLab/IntermediateBuildFilesPath/AppAttestLab.build/Release-iphoneos/AppAttestLab.build/AppAttestLab.app.xcent.der (in target 'AppAttestLab' from project 'AppAttestLab')
    cd /Users/amiller/projects/appattest-iphone-20260923/ios-app-attest/app
    /usr/bin/derq query -f xml -i /Users/amiller/projects/appattest-iphone-20260923/ios-app-attest/build/adhoc/modified/dd/Build/Intermediates.noindex/ArchiveIntermediates/AppAttestLab/IntermediateBuildFilesPath/AppAttestLab.build/Release-iphoneos/AppAttestLab.build/AppAttestLab.app.xcent -o /Users/amiller/projects/appattest-iphone-20260923/ios-app-attest/build/adhoc/modified/dd/Build/Intermediates.noindex/ArchiveIntermediates/AppAttestLab/IntermediateBuildFilesPath/AppAttestLab.build/Release-iphoneos/AppAttestLab.build/AppAttestLab.app.xcent.der --raw

ProcessInfoPlistFile /Users/amiller/projects/appattest-iphone-20260923/ios-app-attest/build/adhoc/modified/dd/Build/Intermediates.noindex/ArchiveIntermediates/AppAttestLab/InstallationBuildProductsLocation/Applications/AppAttestLab.app/Info.plist /Users/amiller/projects/appattest-iphone-20260923/ios-app-attest/app/Info.plist (in target 'AppAttestLab' from project 'AppAttestLab')
    cd /Users/amiller/projects/appattest-iphone-20260923/ios-app-attest/app
    builtin-infoPlistUtility /Users/amiller/projects/appattest-iphone-20260923/ios-app-attest/app/Info.plist -producttype com.apple.product-type.application -genpkginfo /Users/amiller/projects/appattest-iphone-20260923/ios-app-attest/build/adhoc/modified/dd/Build/Intermediates.noindex/ArchiveIntermediates/AppAttestLab/InstallationBuildProductsLocation/Applications/AppAttestLab.app/PkgInfo -expandbuildsettings -format binary -platform iphoneos -requiredArchitecture arm64 -o /Users/amiller/projects/appattest-iphone-20260923/ios-app-attest/build/adhoc/modified/dd/Build/Intermediates.noindex/ArchiveIntermediates/AppAttestLab/InstallationBuildProductsLocation/Applications/AppAttestLab.app/Info.plist

SwiftDriver AppAttestLab normal arm64 com.apple.xcode.tools.swift.compiler (in target 'AppAttestLab' from project 'AppAttestLab')
    cd /Users/amiller/projects/appattest-iphone-20260923/ios-app-attest/app
    builtin-SwiftDriver -- /Applications/Xcode-27.0.0.app/Contents/Developer/Toolchains/XcodeDefault.xctoolchain/usr/bin/swiftc -module-name AppAttestLab -O @/Users/amiller/projects/appattest-iphone-20260923/ios-app-attest/build/adhoc/modified/dd/Build/Intermediates.noindex/ArchiveIntermediates/AppAttestLab/IntermediateBuildFilesPath/AppAttestLab.build/Release-iphoneos/AppAttestLab.build/Objects-normal/arm64/AppAttestLab.SwiftFileList -DMODIFIED -enable-bare-slash-regex -enable-experimental-feature DebugDescriptionMacro -sdk /Applications/Xcode-27.0.0.app/Contents/Developer/Platforms/iPhoneOS.platform/Developer/SDKs/iPhoneOS27.0.sdk -target arm64-apple-ios16.0 -g -module-cache-path /Users/amiller/projects/appattest-iphone-20260923/ios-app-attest/build/adhoc/modified/dd/ModuleCache.noindex -Xfrontend -serialize-debugging-options -swift-version 5 -I /Users/amiller/projects/appattest-iphone-20260923/ios-app-attest/build/adhoc/modified/dd/Build/Intermediates.noindex/ArchiveIntermediates/AppAttestLab/BuildProductsPath/Release-iphoneos -F /Users/amiller/projects/appattest-iphone-20260923/ios-app-attest/build/adhoc/modified/dd/Build/Intermediates.noindex/ArchiveIntermediates/AppAttestLab/BuildProductsPath/Release-iphoneos -parse-as-library -c -j14 -enable-batch-mode -incremental -Xcc -ivfsstatcache -Xcc /Users/amiller/projects/appattest-iphone-20260923/ios-app-attest/build/adhoc/modified/dd/SDKStatCaches.noindex/iphoneos27.0-24A430-1fbf9a8c2e33c77c19098db08c7af4fe.sdkstatcache -output-file-map /Users/amiller/projects/appattest-iphone-20260923/ios-app-attest/build/adhoc/modified/dd/Build/Intermediates.noindex/ArchiveIntermediates/AppAttestLab/IntermediateBuildFilesPath/AppAttestLab.build/Release-iphoneos/AppAttestLab.build/Objects-normal/arm64/AppAttestLab-OutputFileMap.json -save-temps -no-color-diagnostics -explicit-module-build -module-cache-path /Users/amiller/projects/appattest-iphone-20260923/ios-app-attest/build/adhoc/modified/dd/Build/Intermediates.noindex/ArchiveIntermediates/AppAttestLab/IntermediateBuildFilesPath/SwiftExplicitPrecompiledModules -clang-scanner-module-cache-path /Users/amiller/projects/appattest-iphone-20260923/ios-app-attest/build/adhoc/modified/dd/ModuleCache.noindex -sdk-module-cache-path /Users/amiller/projects/appattest-iphone-20260923/ios-app-attest/build/adhoc/modified/dd/SDKExplicitPrecompiledModules -emit-dependencies -emit-module -emit-module-path /Users/amiller/projects/appattest-iphone-20260923/ios-app-attest/build/adhoc/modified/dd/Build/Intermediates.noindex/ArchiveIntermediates/AppAttestLab/IntermediateBuildFilesPath/AppAttestLab.build/Release-iphoneos/AppAttestLab.build/Objects-normal/arm64/AppAttestLab.swiftmodule -serialize-diagnostics -dependency-scan-serialize-diagnostics-path /Users/amiller/projects/appattest-iphone-20260923/ios-app-attest/build/adhoc/modified/dd/Build/Intermediates.noindex/ArchiveIntermediates/AppAttestLab/IntermediateBuildFilesPath/AppAttestLab.build/Release-iphoneos/AppAttestLab.build/Objects-normal/arm64/AppAttestLab-dependency-scan.dia -validate-clang-modules-once -clang-build-session-file /Users/amiller/projects/appattest-iphone-20260923/ios-app-attest/build/adhoc/modified/dd/ModuleCache.noindex/Session.modulevalidation -Xcc -fmodules-prune-interval\=86400 -Xcc -fmodules-prune-after\=345600 -emit-const-values -const-gather-protocols-list /Users/amiller/projects/appattest-iphone-20260923/ios-app-attest/build/adhoc/modified/dd/Build/Intermediates.noindex/ArchiveIntermediates/AppAttestLab/IntermediateBuildFilesPath/AppAttestLab.build/Release-iphoneos/AppAttestLab.build/Objects-normal/arm64/AppAttestLab_const_extract_protocols.json -Xcc -iquote -Xcc /Users/amiller/projects/appattest-iphone-20260923/ios-app-attest/build/adhoc/modified/dd/Build/Intermediates.noindex/ArchiveIntermediates/AppAttestLab/IntermediateBuildFilesPath/AppAttestLab.build/Release-iphoneos/AppAttestLab.build/AppAttestLab-generated-files.hmap -Xcc -I/Users/amiller/projects/appattest-iphone-20260923/ios-app-attest/build/adhoc/modified/dd/Build/Intermediates.noindex/ArchiveIntermediates/AppAttestLab/IntermediateBuildFilesPath/AppAttestLab.build/Release-iphoneos/AppAttestLab.build/AppAttestLab-own-target-headers.hmap -Xcc -I/Users/amiller/projects/appattest-iphone-20260923/ios-app-attest/build/adhoc/modified/dd/Build/Intermediates.noindex/ArchiveIntermediates/AppAttestLab/IntermediateBuildFilesPath/AppAttestLab.build/Release-iphoneos/AppAttestLab.build/AppAttestLab-all-target-headers.hmap -Xcc -iquote -Xcc /Users/amiller/projects/appattest-iphone-20260923/ios-app-attest/build/adhoc/modified/dd/Build/Intermediates.noindex/ArchiveIntermediates/AppAttestLab/IntermediateBuildFilesPath/AppAttestLab.build/Release-iphoneos/AppAttestLab.build/AppAttestLab-project-headers.hmap -Xcc -I/Users/amiller/projects/appattest-iphone-20260923/ios-app-attest/build/adhoc/modified/dd/Build/Intermediates.noindex/ArchiveIntermediates/AppAttestLab/BuildProductsPath/Release-iphoneos/include -Xcc -I/Users/amiller/projects/appattest-iphone-20260923/ios-app-attest/build/adhoc/modified/dd/Build/Intermediates.noindex/ArchiveIntermediates/AppAttestLab/IntermediateBuildFilesPath/AppAttestLab.build/Release-iphoneos/AppAttestLab.build/DerivedSources-normal/arm64 -Xcc -I/Users/amiller/projects/appattest-iphone-20260923/ios-app-attest/build/adhoc/modified/dd/Build/Intermediates.noindex/ArchiveIntermediates/AppAttestLab/IntermediateBuildFilesPath/AppAttestLab.build/Release-iphoneos/AppAttestLab.build/DerivedSources/arm64 -Xcc -I/Users/amiller/projects/appattest-iphone-20260923/ios-app-attest/build/adhoc/modified/dd/Build/Intermediates.noindex/ArchiveIntermediates/AppAttestLab/IntermediateBuildFilesPath/AppAttestLab.build/Release-iphoneos/AppAttestLab.build/DerivedSources -emit-objc-header -emit-objc-header-path /Users/amiller/projects/appattest-iphone-20260923/ios-app-attest/build/adhoc/modified/dd/Build/Intermediates.noindex/ArchiveIntermediates/AppAttestLab/IntermediateBuildFilesPath/AppAttestLab.build/Release-iphoneos/AppAttestLab.build/Objects-normal/arm64/AppAttestLab-Swift.h -working-directory /Users/amiller/projects/appattest-iphone-20260923/ios-app-attest/app -experimental-emit-module-separately -disable-cmo

SwiftExplicitDependencyGeneratePcm arm64 /Users/amiller/projects/appattest-iphone-20260923/ios-app-attest/build/adhoc/modified/dd/SDKExplicitPrecompiledModules/_Builtin_stdarg-CINXJVVXUNA3LM6Q2DC7200ZP.pcm

SwiftExplicitDependencyGeneratePcm arm64 /Users/amiller/projects/appattest-iphone-20260923/ios-app-attest/build/adhoc/modified/dd/SDKExplicitPrecompiledModules/_Builtin_stddef-7VTETDDG7BC0IBS4KZ8SQZWC9.pcm

SwiftExplicitDependencyGeneratePcm arm64 /Users/amiller/projects/appattest-iphone-20260923/ios-app-attest/build/adhoc/modified/dd/SDKExplicitPrecompiledModules/_Builtin_stdbool-41UBFJTTV2M6X5OPJ4DHYXVHC.pcm

SwiftExplicitDependencyGeneratePcm arm64 /Users/amiller/projects/appattest-iphone-20260923/ios-app-attest/build/adhoc/modified/dd/SDKExplicitPrecompiledModules/_SwiftConcurrencyShims-AASZCIV5QEC1ZVBEHC9TR6060.pcm

SwiftExplicitDependencyGeneratePcm arm64 /Users/amiller/projects/appattest-iphone-20260923/ios-app-attest/build/adhoc/modified/dd/SDKExplicitPrecompiledModules/_AvailabilityInternal-5BTE4SNFCC7MTR3OWV9LAJ6X4.pcm

SwiftExplicitDependencyGeneratePcm arm64 /Users/amiller/projects/appattest-iphone-20260923/ios-app-attest/build/adhoc/modified/dd/SDKExplicitPrecompiledModules/ptrcheck-HVKWAIE8UUV5CGQPMCM2HV45.pcm

SwiftExplicitDependencyGeneratePcm arm64 /Users/amiller/projects/appattest-iphone-20260923/ios-app-attest/build/adhoc/modified/dd/SDKExplicitPrecompiledModules/DeveloperToolsSupport-EMFABFUY4EQ2A6MZIU9FZK85M.pcm

SwiftExplicitDependencyGeneratePcm arm64 /Users/amiller/projects/appattest-iphone-20260923/ios-app-attest/build/adhoc/modified/dd/SDKExplicitPrecompiledModules/ptrauth-CE6KLWIO9R0RXKFCX0EOUJVMN.pcm

SwiftExplicitDependencyGeneratePcm arm64 /Users/amiller/projects/appattest-iphone-20260923/ios-app-attest/build/adhoc/modified/dd/SDKExplicitPrecompiledModules/_Builtin_float-D3ZNXGUYWDFG279KOWF55VC68.pcm

SwiftExplicitDependencyGeneratePcm arm64 /Users/amiller/projects/appattest-iphone-20260923/ios-app-attest/build/adhoc/modified/dd/SDKExplicitPrecompiledModules/SwiftShims-6LN0PIEGG3A9XEXO3FZSUP8AE.pcm

SwiftExplicitDependencyGeneratePcm arm64 /Users/amiller/projects/appattest-iphone-20260923/ios-app-attest/build/adhoc/modified/dd/SDKExplicitPrecompiledModules/_DarwinFoundation1-CIXRS81M6JLL5HH9SNE8JK6EC.pcm

SwiftExplicitDependencyGeneratePcm arm64 /Users/amiller/projects/appattest-iphone-20260923/ios-app-attest/build/adhoc/modified/dd/SDKExplicitPrecompiledModules/_DarwinFoundation2-29ZS085SEX8BN05ROB14LZF9E.pcm

SwiftExplicitDependencyGeneratePcm arm64 /Users/amiller/projects/appattest-iphone-20260923/ios-app-attest/build/adhoc/modified/dd/SDKExplicitPrecompiledModules/_Builtin_limits-B0C8CAD0M6EETIFYMNV5XXHCF.pcm

SwiftExplicitDependencyGeneratePcm arm64 /Users/amiller/projects/appattest-iphone-20260923/ios-app-attest/build/adhoc/modified/dd/SDKExplicitPrecompiledModules/string_h-39MO62Y4CW7NZIP6J75NBXM1O.pcm

SwiftExplicitDependencyGeneratePcm arm64 /Users/amiller/projects/appattest-iphone-20260923/ios-app-attest/build/adhoc/modified/dd/SDKExplicitPrecompiledModules/_Builtin_tgmath-ARV5U1HXDGN6Z32RA3NGI3I0L.pcm

SwiftExplicitDependencyGeneratePcm arm64 /Users/amiller/projects/appattest-iphone-20260923/ios-app-attest/build/adhoc/modified/dd/SDKExplicitPrecompiledModules/sys_types-2MT65NI3C0DJQ3QABEJXU4EI6.pcm

SwiftExplicitDependencyGeneratePcm arm64 /Users/amiller/projects/appattest-iphone-20260923/ios-app-attest/build/adhoc/modified/dd/SDKExplicitPrecompiledModules/_Builtin_stdint-5L01A6HF1KIAI5T1EKPOKEPMO.pcm

SwiftExplicitDependencyGeneratePcm arm64 /Users/amiller/projects/appattest-iphone-20260923/ios-app-attest/build/adhoc/modified/dd/SDKExplicitPrecompiledModules/_Builtin_stdatomic-16HD9VVQ7Y4DL2RDXRXAR0AKJ.pcm

SwiftExplicitDependencyGeneratePcm arm64 /Users/amiller/projects/appattest-iphone-20260923/ios-app-attest/build/adhoc/modified/dd/SDKExplicitPrecompiledModules/_Builtin_intrinsics-8YTS4CKS9DLZX3593FBA4M2HB.pcm

SwiftExplicitDependencyGeneratePcm arm64 /Users/amiller/projects/appattest-iphone-20260923/ios-app-attest/build/adhoc/modified/dd/SDKExplicitPrecompiledModules/_DarwinFoundation3-8P7VNG0OYU3FZMEJG34OPHCV5.pcm

SwiftExplicitDependencyGeneratePcm arm64 /Users/amiller/projects/appattest-iphone-20260923/ios-app-attest/build/adhoc/modified/dd/SDKExplicitPrecompiledModules/_Builtin_inttypes-4WPS80I85N4JBXBDHVAEELPUD.pcm

SwiftExplicitDependencyGeneratePcm arm64 /Users/amiller/projects/appattest-iphone-20260923/ios-app-attest/build/adhoc/modified/dd/SDKExplicitPrecompiledModules/Darwin-A8XH4M6LV00YA156WGBN9ATRP.pcm

SwiftExplicitDependencyGeneratePcm arm64 /Users/amiller/projects/appattest-iphone-20260923/ios-app-attest/build/adhoc/modified/dd/SDKExplicitPrecompiledModules/simd-6HCDH1PIILK9ZBALA99IJQO1W.pcm

SwiftExplicitDependencyGeneratePcm arm64 /Users/amiller/projects/appattest-iphone-20260923/ios-app-attest/build/adhoc/modified/dd/SDKExplicitPrecompiledModules/MachO-5IQJT46TE2O57A8QLBMEZ1JQ2.pcm

SwiftExplicitDependencyGeneratePcm arm64 /Users/amiller/projects/appattest-iphone-20260923/ios-app-attest/build/adhoc/modified/dd/SDKExplicitPrecompiledModules/ObjectiveC-CBB7HGDQEMRG22K6GCL0PRA0U.pcm

SwiftExplicitDependencyGeneratePcm arm64 /Users/amiller/projects/appattest-iphone-20260923/ios-app-attest/build/adhoc/modified/dd/SDKExplicitPrecompiledModules/os_object-6MKDQSNE4DFRVUZNX3YR40COW.pcm

SwiftExplicitDependencyGeneratePcm arm64 /Users/amiller/projects/appattest-iphone-20260923/ios-app-attest/build/adhoc/modified/dd/SDKExplicitPrecompiledModules/os_workgroup-716YENLPXFHJVWIHRAERZJKLQ.pcm

SwiftExplicitDependencyGeneratePcm arm64 /Users/amiller/projects/appattest-iphone-20260923/ios-app-attest/build/adhoc/modified/dd/SDKExplicitPrecompiledModules/Spatial-1SX8496F4I91WKU1MBONU8YHY.pcm

SwiftExplicitDependencyGeneratePcm arm64 /Users/amiller/projects/appattest-iphone-20260923/ios-app-attest/build/adhoc/modified/dd/SDKExplicitPrecompiledModules/Dispatch-9UZCIQV47N3N85Y53ZI9CD14Z.pcm

SwiftExplicitDependencyGeneratePcm arm64 /Users/amiller/projects/appattest-iphone-20260923/ios-app-attest/build/adhoc/modified/dd/SDKExplicitPrecompiledModules/CoreFoundation-3M3DIYHHX8LHHEI523OFVIH1Y.pcm

SwiftExplicitDependencyGeneratePcm arm64 /Users/amiller/projects/appattest-iphone-20260923/ios-app-attest/build/adhoc/modified/dd/SDKExplicitPrecompiledModules/XPC-3SKVG94YNFNQ24F56ICRY94PG.pcm

SwiftExplicitDependencyGeneratePcm arm64 /Users/amiller/projects/appattest-iphone-20260923/ios-app-attest/build/adhoc/modified/dd/SDKExplicitPrecompiledModules/os-V6BHZM30IFVWBWHPGT4YYPEM.pcm

SwiftExplicitDependencyGeneratePcm arm64 /Users/amiller/projects/appattest-iphone-20260923/ios-app-attest/build/adhoc/modified/dd/SDKExplicitPrecompiledModules/CFNetwork-712SAP05GKKN7YNAXE8YEH8RX.pcm

SwiftExplicitDependencyGeneratePcm arm64 /Users/amiller/projects/appattest-iphone-20260923/ios-app-attest/build/adhoc/modified/dd/SDKExplicitPrecompiledModules/CoreAudioTypes-7MZIONK4KLXN8H0V5HNO4N8FV.pcm

SwiftExplicitDependencyGeneratePcm arm64 /Users/amiller/projects/appattest-iphone-20260923/ios-app-attest/build/adhoc/modified/dd/SDKExplicitPrecompiledModules/CoreGraphics-BFLE628ZXEAT5Z7FSLBIFD1TB.pcm

SwiftExplicitDependencyGeneratePcm arm64 /Users/amiller/projects/appattest-iphone-20260923/ios-app-attest/build/adhoc/modified/dd/SDKExplicitPrecompiledModules/Security-1Y1EMDN3ZMU1J7O0DMBNOLRQV.pcm

SwiftExplicitDependencyGeneratePcm arm64 /Users/amiller/projects/appattest-iphone-20260923/ios-app-attest/build/adhoc/modified/dd/SDKExplicitPrecompiledModules/CoreAudio-6493HG3YP4YOBE0EH3V462TPW.pcm

SwiftExplicitDependencyGeneratePcm arm64 /Users/amiller/projects/appattest-iphone-20260923/ios-app-attest/build/adhoc/modified/dd/SDKExplicitPrecompiledModules/Foundation-9B30DOX37WDPBPEE71UMEDC3R.pcm

SwiftExplicitDependencyGeneratePcm arm64 /Users/amiller/projects/appattest-iphone-20260923/ios-app-attest/build/adhoc/modified/dd/SDKExplicitPrecompiledModules/CoreText-LPTW8CGIZOE929W78SPIPFCA.pcm

SwiftExplicitDependencyGeneratePcm arm64 /Users/amiller/projects/appattest-iphone-20260923/ios-app-attest/build/adhoc/modified/dd/SDKExplicitPrecompiledModules/ImageIO-7U5JPXPJQSVNN3SSD6VGYJCAC.pcm

SwiftExplicitDependencyGeneratePcm arm64 /Users/amiller/projects/appattest-iphone-20260923/ios-app-attest/build/adhoc/modified/dd/SDKExplicitPrecompiledModules/IOSurface-CJXZVZKHYV8IQ4H5F20ES6K6O.pcm

SwiftExplicitDependencyGeneratePcm arm64 /Users/amiller/projects/appattest-iphone-20260923/ios-app-attest/build/adhoc/modified/dd/SDKExplicitPrecompiledModules/UserNotifications-CB11VK770LFIKUOK7J988QFHK.pcm

SwiftExplicitDependencyGeneratePcm arm64 /Users/amiller/projects/appattest-iphone-20260923/ios-app-attest/build/adhoc/modified/dd/SDKExplicitPrecompiledModules/DeviceCheck-8XPCR9O2M5STHLKLAGCYP3EIJ.pcm

SwiftExplicitDependencyGeneratePcm arm64 /Users/amiller/projects/appattest-iphone-20260923/ios-app-attest/build/adhoc/modified/dd/SDKExplicitPrecompiledModules/UIUtilities-YWM1H2KQM8Q8B3LXOGDYSLEE.pcm

SwiftExplicitDependencyGeneratePcm arm64 /Users/amiller/projects/appattest-iphone-20260923/ios-app-attest/build/adhoc/modified/dd/SDKExplicitPrecompiledModules/Symbols-6R5FNKP6H1JIBK6LRL4MN0NYZ.pcm

SwiftExplicitDependencyGeneratePcm arm64 /Users/amiller/projects/appattest-iphone-20260923/ios-app-attest/build/adhoc/modified/dd/SDKExplicitPrecompiledModules/CoreData-97HSGVW9UHLIMFDBDL27GUY23.pcm

SwiftExplicitDependencyGeneratePcm arm64 /Users/amiller/projects/appattest-iphone-20260923/ios-app-attest/build/adhoc/modified/dd/SDKExplicitPrecompiledModules/OSLog-7NZOEGHBXDQW2G3CHBZ4ZTC66.pcm

SwiftExplicitDependencyGeneratePcm arm64 /Users/amiller/projects/appattest-iphone-20260923/ios-app-attest/build/adhoc/modified/dd/SDKExplicitPrecompiledModules/Accessibility-9AYRUCFJ2796RUUFC43NNIWDD.pcm

SwiftExplicitDependencyGeneratePcm arm64 /Users/amiller/projects/appattest-iphone-20260923/ios-app-attest/build/adhoc/modified/dd/SDKExplicitPrecompiledModules/UniformTypeIdentifiers-838HKRYQMVW72L7YELX9RU2AJ.pcm

SwiftExplicitDependencyGeneratePcm arm64 /Users/amiller/projects/appattest-iphone-20260923/ios-app-attest/build/adhoc/modified/dd/SDKExplicitPrecompiledModules/_LocationEssentials-24QS3OSU6Y5LDM954TQGYN6HR.pcm

SwiftExplicitDependencyGeneratePcm arm64 /Users/amiller/projects/appattest-iphone-20260923/ios-app-attest/build/adhoc/modified/dd/SDKExplicitPrecompiledModules/LocalAuthentication-DIA6IF9WXPZMCT4E2O0H3FC19.pcm

SwiftExplicitDependencyGeneratePcm arm64 /Users/amiller/projects/appattest-iphone-20260923/ios-app-attest/build/adhoc/modified/dd/SDKExplicitPrecompiledModules/DataDetection-A6X0GA4HS2N0GW0QRF8SQBBMH.pcm

SwiftExplicitDependencyGeneratePcm arm64 /Users/amiller/projects/appattest-iphone-20260923/ios-app-attest/build/adhoc/modified/dd/SDKExplicitPrecompiledModules/CoreTransferable-5OPS49JPTXC6FD9YCRQJ8BLS0.pcm

SwiftExplicitDependencyGeneratePcm arm64 /Users/amiller/projects/appattest-iphone-20260923/ios-app-attest/build/adhoc/modified/dd/SDKExplicitPrecompiledModules/FileProvider-EVY61JI1694D41HJRI8QZ371A.pcm

SwiftExplicitDependencyGeneratePcm arm64 /Users/amiller/projects/appattest-iphone-20260923/ios-app-attest/build/adhoc/modified/dd/SDKExplicitPrecompiledModules/CoreLocation-CZXJPLDZ5UACE1IT0VAC6J21W.pcm

SwiftExplicitDependencyGeneratePcm arm64 /Users/amiller/projects/appattest-iphone-20260923/ios-app-attest/build/adhoc/modified/dd/SDKExplicitPrecompiledModules/Metal-1O73JR7Y5JBS7XP3SU68HB0P4.pcm

SwiftExplicitDependencyGeneratePcm arm64 /Users/amiller/projects/appattest-iphone-20260923/ios-app-attest/build/adhoc/modified/dd/SDKExplicitPrecompiledModules/OpenGLES-ASEKO6YGFN8OM84UH3GZWCA6O.pcm

SwiftExplicitDependencyGeneratePcm arm64 /Users/amiller/projects/appattest-iphone-20260923/ios-app-attest/build/adhoc/modified/dd/SDKExplicitPrecompiledModules/CoreMotion-D8CIGVBH4611IJTVI6V4C7PL2.pcm

SwiftExplicitDependencyGeneratePcm arm64 /Users/amiller/projects/appattest-iphone-20260923/ios-app-attest/build/adhoc/modified/dd/SDKExplicitPrecompiledModules/CoreVideo-CQLP0KEZGL3AP7S78HUMV7XLW.pcm

SwiftExplicitDependencyGeneratePcm arm64 /Users/amiller/projects/appattest-iphone-20260923/ios-app-attest/build/adhoc/modified/dd/SDKExplicitPrecompiledModules/QuartzCore-7A1WN7A36HRMJ1NZ12ZLFQ4P7.pcm

SwiftExplicitDependencyGeneratePcm arm64 /Users/amiller/projects/appattest-iphone-20260923/ios-app-attest/build/adhoc/modified/dd/SDKExplicitPrecompiledModules/CoreMedia-DMLOCFU73R0TOPWQ2SXJ6C2IC.pcm

SwiftExplicitDependencyGeneratePcm arm64 /Users/amiller/projects/appattest-iphone-20260923/ios-app-attest/build/adhoc/modified/dd/SDKExplicitPrecompiledModules/CoreImage-AUDPRSTMKCXE7SCEEIMSBUGZU.pcm

SwiftExplicitDependencyGeneratePcm arm64 /Users/amiller/projects/appattest-iphone-20260923/ios-app-attest/build/adhoc/modified/dd/SDKExplicitPrecompiledModules/SwiftUICore-2TV5W57D4QQKDOBE3VVJM6FOM.pcm

SwiftExplicitDependencyGeneratePcm arm64 /Users/amiller/projects/appattest-iphone-20260923/ios-app-attest/build/adhoc/modified/dd/SDKExplicitPrecompiledModules/UIKit-41EUFUJ8W7OXLH676970DJFX3.pcm

SwiftExplicitDependencyGeneratePcm arm64 /Users/amiller/projects/appattest-iphone-20260923/ios-app-attest/build/adhoc/modified/dd/SDKExplicitPrecompiledModules/SwiftUI-PUH1VWJA0A17NEEK837RNRKN.pcm

SwiftEmitModule normal arm64 Emitting\ module\ for\ AppAttestLab (in target 'AppAttestLab' from project 'AppAttestLab')

SwiftCompile normal arm64 (in target 'AppAttestLab' from project 'AppAttestLab')
    cd /Users/amiller/projects/appattest-iphone-20260923/ios-app-attest/app
    

SwiftCompile normal arm64 Compiling\ AppAttestLab.swift /Users/amiller/projects/appattest-iphone-20260923/ios-app-attest/app/AppAttestLab.swift (in target 'AppAttestLab' from project 'AppAttestLab')

SwiftCompile normal arm64 /Users/amiller/projects/appattest-iphone-20260923/ios-app-attest/app/AppAttestLab.swift (in target 'AppAttestLab' from project 'AppAttestLab')
    cd /Users/amiller/projects/appattest-iphone-20260923/ios-app-attest/app
    builtin-SwiftPerFileCompile AppAttestLab.swift

SwiftDriverJobDiscovery normal arm64 Emitting module for AppAttestLab (in target 'AppAttestLab' from project 'AppAttestLab')

SwiftDriver\ Compilation\ Requirements AppAttestLab normal arm64 com.apple.xcode.tools.swift.compiler (in target 'AppAttestLab' from project 'AppAttestLab')
    cd /Users/amiller/projects/appattest-iphone-20260923/ios-app-attest/app
    builtin-Swift-Compilation-Requirements -- /Applications/Xcode-27.0.0.app/Contents/Developer/Toolchains/XcodeDefault.xctoolchain/usr/bin/swiftc -module-name AppAttestLab -O @/Users/amiller/projects/appattest-iphone-20260923/ios-app-attest/build/adhoc/modified/dd/Build/Intermediates.noindex/ArchiveIntermediates/AppAttestLab/IntermediateBuildFilesPath/AppAttestLab.build/Release-iphoneos/AppAttestLab.build/Objects-normal/arm64/AppAttestLab.SwiftFileList -DMODIFIED -enable-bare-slash-regex -enable-experimental-feature DebugDescriptionMacro -sdk /Applications/Xcode-27.0.0.app/Contents/Developer/Platforms/iPhoneOS.platform/Developer/SDKs/iPhoneOS27.0.sdk -target arm64-apple-ios16.0 -g -module-cache-path /Users/amiller/projects/appattest-iphone-20260923/ios-app-attest/build/adhoc/modified/dd/ModuleCache.noindex -Xfrontend -serialize-debugging-options -swift-version 5 -I /Users/amiller/projects/appattest-iphone-20260923/ios-app-attest/build/adhoc/modified/dd/Build/Intermediates.noindex/ArchiveIntermediates/AppAttestLab/BuildProductsPath/Release-iphoneos -F /Users/amiller/projects/appattest-iphone-20260923/ios-app-attest/build/adhoc/modified/dd/Build/Intermediates.noindex/ArchiveIntermediates/AppAttestLab/BuildProductsPath/Release-iphoneos -parse-as-library -c -j14 -enable-batch-mode -incremental -Xcc -ivfsstatcache -Xcc /Users/amiller/projects/appattest-iphone-20260923/ios-app-attest/build/adhoc/modified/dd/SDKStatCaches.noindex/iphoneos27.0-24A430-1fbf9a8c2e33c77c19098db08c7af4fe.sdkstatcache -output-file-map /Users/amiller/projects/appattest-iphone-20260923/ios-app-attest/build/adhoc/modified/dd/Build/Intermediates.noindex/ArchiveIntermediates/AppAttestLab/IntermediateBuildFilesPath/AppAttestLab.build/Release-iphoneos/AppAttestLab.build/Objects-normal/arm64/AppAttestLab-OutputFileMap.json -save-temps -no-color-diagnostics -explicit-module-build -module-cache-path /Users/amiller/projects/appattest-iphone-20260923/ios-app-attest/build/adhoc/modified/dd/Build/Intermediates.noindex/ArchiveIntermediates/AppAttestLab/IntermediateBuildFilesPath/SwiftExplicitPrecompiledModules -clang-scanner-module-cache-path /Users/amiller/projects/appattest-iphone-20260923/ios-app-attest/build/adhoc/modified/dd/ModuleCache.noindex -sdk-module-cache-path /Users/amiller/projects/appattest-iphone-20260923/ios-app-attest/build/adhoc/modified/dd/SDKExplicitPrecompiledModules -emit-dependencies -emit-module -emit-module-path /Users/amiller/projects/appattest-iphone-20260923/ios-app-attest/build/adhoc/modified/dd/Build/Intermediates.noindex/ArchiveIntermediates/AppAttestLab/IntermediateBuildFilesPath/AppAttestLab.build/Release-iphoneos/AppAttestLab.build/Objects-normal/arm64/AppAttestLab.swiftmodule -serialize-diagnostics -dependency-scan-serialize-diagnostics-path /Users/amiller/projects/appattest-iphone-20260923/ios-app-attest/build/adhoc/modified/dd/Build/Intermediates.noindex/ArchiveIntermediates/AppAttestLab/IntermediateBuildFilesPath/AppAttestLab.build/Release-iphoneos/AppAttestLab.build/Objects-normal/arm64/AppAttestLab-dependency-scan.dia -validate-clang-modules-once -clang-build-session-file /Users/amiller/projects/appattest-iphone-20260923/ios-app-attest/build/adhoc/modified/dd/ModuleCache.noindex/Session.modulevalidation -Xcc -fmodules-prune-interval\=86400 -Xcc -fmodules-prune-after\=345600 -emit-const-values -const-gather-protocols-list /Users/amiller/projects/appattest-iphone-20260923/ios-app-attest/build/adhoc/modified/dd/Build/Intermediates.noindex/ArchiveIntermediates/AppAttestLab/IntermediateBuildFilesPath/AppAttestLab.build/Release-iphoneos/AppAttestLab.build/Objects-normal/arm64/AppAttestLab_const_extract_protocols.json -Xcc -iquote -Xcc /Users/amiller/projects/appattest-iphone-20260923/ios-app-attest/build/adhoc/modified/dd/Build/Intermediates.noindex/ArchiveIntermediates/AppAttestLab/IntermediateBuildFilesPath/AppAttestLab.build/Release-iphoneos/AppAttestLab.build/AppAttestLab-generated-files.hmap -Xcc -I/Users/amiller/projects/appattest-iphone-20260923/ios-app-attest/build/adhoc/modified/dd/Build/Intermediates.noindex/ArchiveIntermediates/AppAttestLab/IntermediateBuildFilesPath/AppAttestLab.build/Release-iphoneos/AppAttestLab.build/AppAttestLab-own-target-headers.hmap -Xcc -I/Users/amiller/projects/appattest-iphone-20260923/ios-app-attest/build/adhoc/modified/dd/Build/Intermediates.noindex/ArchiveIntermediates/AppAttestLab/IntermediateBuildFilesPath/AppAttestLab.build/Release-iphoneos/AppAttestLab.build/AppAttestLab-all-target-headers.hmap -Xcc -iquote -Xcc /Users/amiller/projects/appattest-iphone-20260923/ios-app-attest/build/adhoc/modified/dd/Build/Intermediates.noindex/ArchiveIntermediates/AppAttestLab/IntermediateBuildFilesPath/AppAttestLab.build/Release-iphoneos/AppAttestLab.build/AppAttestLab-project-headers.hmap -Xcc -I/Users/amiller/projects/appattest-iphone-20260923/ios-app-attest/build/adhoc/modified/dd/Build/Intermediates.noindex/ArchiveIntermediates/AppAttestLab/BuildProductsPath/Release-iphoneos/include -Xcc -I/Users/amiller/projects/appattest-iphone-20260923/ios-app-attest/build/adhoc/modified/dd/Build/Intermediates.noindex/ArchiveIntermediates/AppAttestLab/IntermediateBuildFilesPath/AppAttestLab.build/Release-iphoneos/AppAttestLab.build/DerivedSources-normal/arm64 -Xcc -I/Users/amiller/projects/appattest-iphone-20260923/ios-app-attest/build/adhoc/modified/dd/Build/Intermediates.noindex/ArchiveIntermediates/AppAttestLab/IntermediateBuildFilesPath/AppAttestLab.build/Release-iphoneos/AppAttestLab.build/DerivedSources/arm64 -Xcc -I/Users/amiller/projects/appattest-iphone-20260923/ios-app-attest/build/adhoc/modified/dd/Build/Intermediates.noindex/ArchiveIntermediates/AppAttestLab/IntermediateBuildFilesPath/AppAttestLab.build/Release-iphoneos/AppAttestLab.build/DerivedSources -emit-objc-header -emit-objc-header-path /Users/amiller/projects/appattest-iphone-20260923/ios-app-attest/build/adhoc/modified/dd/Build/Intermediates.noindex/ArchiveIntermediates/AppAttestLab/IntermediateBuildFilesPath/AppAttestLab.build/Release-iphoneos/AppAttestLab.build/Objects-normal/arm64/AppAttestLab-Swift.h -working-directory /Users/amiller/projects/appattest-iphone-20260923/ios-app-attest/app -experimental-emit-module-separately -disable-cmo

SwiftMergeGeneratedHeaders /Users/amiller/projects/appattest-iphone-20260923/ios-app-attest/build/adhoc/modified/dd/Build/Intermediates.noindex/ArchiveIntermediates/AppAttestLab/IntermediateBuildFilesPath/AppAttestLab.build/Release-iphoneos/AppAttestLab.build/DerivedSources/AppAttestLab-Swift.h /Users/amiller/projects/appattest-iphone-20260923/ios-app-attest/build/adhoc/modified/dd/Build/Intermediates.noindex/ArchiveIntermediates/AppAttestLab/IntermediateBuildFilesPath/AppAttestLab.build/Release-iphoneos/AppAttestLab.build/Objects-normal/arm64/AppAttestLab-Swift.h (in target 'AppAttestLab' from project 'AppAttestLab')
    cd /Users/amiller/projects/appattest-iphone-20260923/ios-app-attest/app
    builtin-swiftHeaderTool -arch arm64 /Users/amiller/projects/appattest-iphone-20260923/ios-app-attest/build/adhoc/modified/dd/Build/Intermediates.noindex/ArchiveIntermediates/AppAttestLab/IntermediateBuildFilesPath/AppAttestLab.build/Release-iphoneos/AppAttestLab.build/Objects-normal/arm64/AppAttestLab-Swift.h -o /Users/amiller/projects/appattest-iphone-20260923/ios-app-attest/build/adhoc/modified/dd/Build/Intermediates.noindex/ArchiveIntermediates/AppAttestLab/IntermediateBuildFilesPath/AppAttestLab.build/Release-iphoneos/AppAttestLab.build/DerivedSources/AppAttestLab-Swift.h

Copy /Users/amiller/projects/appattest-iphone-20260923/ios-app-attest/build/adhoc/modified/dd/Build/Intermediates.noindex/ArchiveIntermediates/AppAttestLab/BuildProductsPath/Release-iphoneos/AppAttestLab.swiftmodule/arm64-apple-ios.abi.json /Users/amiller/projects/appattest-iphone-20260923/ios-app-attest/build/adhoc/modified/dd/Build/Intermediates.noindex/ArchiveIntermediates/AppAttestLab/IntermediateBuildFilesPath/AppAttestLab.build/Release-iphoneos/AppAttestLab.build/Objects-normal/arm64/AppAttestLab.abi.json (in target 'AppAttestLab' from project 'AppAttestLab')
    cd /Users/amiller/projects/appattest-iphone-20260923/ios-app-attest/app
    builtin-copy -exclude .DS_Store -exclude CVS -exclude .svn -exclude .git -exclude .hg -strip-unsigned-binaries -strip-deterministic -strip-tool /Applications/Xcode-27.0.0.app/Contents/Developer/Toolchains/XcodeDefault.xctoolchain/usr/bin/strip -resolve-src-symlinks -rename /Users/amiller/projects/appattest-iphone-20260923/ios-app-attest/build/adhoc/modified/dd/Build/Intermediates.noindex/ArchiveIntermediates/AppAttestLab/IntermediateBuildFilesPath/AppAttestLab.build/Release-iphoneos/AppAttestLab.build/Objects-normal/arm64/AppAttestLab.abi.json /Users/amiller/projects/appattest-iphone-20260923/ios-app-attest/build/adhoc/modified/dd/Build/Intermediates.noindex/ArchiveIntermediates/AppAttestLab/BuildProductsPath/Release-iphoneos/AppAttestLab.swiftmodule/arm64-apple-ios.abi.json

Copy /Users/amiller/projects/appattest-iphone-20260923/ios-app-attest/build/adhoc/modified/dd/Build/Intermediates.noindex/ArchiveIntermediates/AppAttestLab/BuildProductsPath/Release-iphoneos/AppAttestLab.swiftmodule/arm64-apple-ios.swiftmodule /Users/amiller/projects/appattest-iphone-20260923/ios-app-attest/build/adhoc/modified/dd/Build/Intermediates.noindex/ArchiveIntermediates/AppAttestLab/IntermediateBuildFilesPath/AppAttestLab.build/Release-iphoneos/AppAttestLab.build/Objects-normal/arm64/AppAttestLab.swiftmodule (in target 'AppAttestLab' from project 'AppAttestLab')
    cd /Users/amiller/projects/appattest-iphone-20260923/ios-app-attest/app
    builtin-copy -exclude .DS_Store -exclude CVS -exclude .svn -exclude .git -exclude .hg -strip-unsigned-binaries -strip-deterministic -strip-tool /Applications/Xcode-27.0.0.app/Contents/Developer/Toolchains/XcodeDefault.xctoolchain/usr/bin/strip -resolve-src-symlinks -rename /Users/amiller/projects/appattest-iphone-20260923/ios-app-attest/build/adhoc/modified/dd/Build/Intermediates.noindex/ArchiveIntermediates/AppAttestLab/IntermediateBuildFilesPath/AppAttestLab.build/Release-iphoneos/AppAttestLab.build/Objects-normal/arm64/AppAttestLab.swiftmodule /Users/amiller/projects/appattest-iphone-20260923/ios-app-attest/build/adhoc/modified/dd/Build/Intermediates.noindex/ArchiveIntermediates/AppAttestLab/BuildProductsPath/Release-iphoneos/AppAttestLab.swiftmodule/arm64-apple-ios.swiftmodule

Copy /Users/amiller/projects/appattest-iphone-20260923/ios-app-attest/build/adhoc/modified/dd/Build/Intermediates.noindex/ArchiveIntermediates/AppAttestLab/BuildProductsPath/Release-iphoneos/AppAttestLab.swiftmodule/arm64-apple-ios.swiftdoc /Users/amiller/projects/appattest-iphone-20260923/ios-app-attest/build/adhoc/modified/dd/Build/Intermediates.noindex/ArchiveIntermediates/AppAttestLab/IntermediateBuildFilesPath/AppAttestLab.build/Release-iphoneos/AppAttestLab.build/Objects-normal/arm64/AppAttestLab.swiftdoc (in target 'AppAttestLab' from project 'AppAttestLab')
    cd /Users/amiller/projects/appattest-iphone-20260923/ios-app-attest/app
    builtin-copy -exclude .DS_Store -exclude CVS -exclude .svn -exclude .git -exclude .hg -strip-unsigned-binaries -strip-deterministic -strip-tool /Applications/Xcode-27.0.0.app/Contents/Developer/Toolchains/XcodeDefault.xctoolchain/usr/bin/strip -resolve-src-symlinks -rename /Users/amiller/projects/appattest-iphone-20260923/ios-app-attest/build/adhoc/modified/dd/Build/Intermediates.noindex/ArchiveIntermediates/AppAttestLab/IntermediateBuildFilesPath/AppAttestLab.build/Release-iphoneos/AppAttestLab.build/Objects-normal/arm64/AppAttestLab.swiftdoc /Users/amiller/projects/appattest-iphone-20260923/ios-app-attest/build/adhoc/modified/dd/Build/Intermediates.noindex/ArchiveIntermediates/AppAttestLab/BuildProductsPath/Release-iphoneos/AppAttestLab.swiftmodule/arm64-apple-ios.swiftdoc

SwiftDriverJobDiscovery normal arm64 Compiling AppAttestLab.swift (in target 'AppAttestLab' from project 'AppAttestLab')

SwiftDriver\ Compilation AppAttestLab normal arm64 com.apple.xcode.tools.swift.compiler (in target 'AppAttestLab' from project 'AppAttestLab')
    cd /Users/amiller/projects/appattest-iphone-20260923/ios-app-attest/app
    builtin-Swift-Compilation -- /Applications/Xcode-27.0.0.app/Contents/Developer/Toolchains/XcodeDefault.xctoolchain/usr/bin/swiftc -module-name AppAttestLab -O @/Users/amiller/projects/appattest-iphone-20260923/ios-app-attest/build/adhoc/modified/dd/Build/Intermediates.noindex/ArchiveIntermediates/AppAttestLab/IntermediateBuildFilesPath/AppAttestLab.build/Release-iphoneos/AppAttestLab.build/Objects-normal/arm64/AppAttestLab.SwiftFileList -DMODIFIED -enable-bare-slash-regex -enable-experimental-feature DebugDescriptionMacro -sdk /Applications/Xcode-27.0.0.app/Contents/Developer/Platforms/iPhoneOS.platform/Developer/SDKs/iPhoneOS27.0.sdk -target arm64-apple-ios16.0 -g -module-cache-path /Users/amiller/projects/appattest-iphone-20260923/ios-app-attest/build/adhoc/modified/dd/ModuleCache.noindex -Xfrontend -serialize-debugging-options -swift-version 5 -I /Users/amiller/projects/appattest-iphone-20260923/ios-app-attest/build/adhoc/modified/dd/Build/Intermediates.noindex/ArchiveIntermediates/AppAttestLab/BuildProductsPath/Release-iphoneos -F /Users/amiller/projects/appattest-iphone-20260923/ios-app-attest/build/adhoc/modified/dd/Build/Intermediates.noindex/ArchiveIntermediates/AppAttestLab/BuildProductsPath/Release-iphoneos -parse-as-library -c -j14 -enable-batch-mode -incremental -Xcc -ivfsstatcache -Xcc /Users/amiller/projects/appattest-iphone-20260923/ios-app-attest/build/adhoc/modified/dd/SDKStatCaches.noindex/iphoneos27.0-24A430-1fbf9a8c2e33c77c19098db08c7af4fe.sdkstatcache -output-file-map /Users/amiller/projects/appattest-iphone-20260923/ios-app-attest/build/adhoc/modified/dd/Build/Intermediates.noindex/ArchiveIntermediates/AppAttestLab/IntermediateBuildFilesPath/AppAttestLab.build/Release-iphoneos/AppAttestLab.build/Objects-normal/arm64/AppAttestLab-OutputFileMap.json -save-temps -no-color-diagnostics -explicit-module-build -module-cache-path /Users/amiller/projects/appattest-iphone-20260923/ios-app-attest/build/adhoc/modified/dd/Build/Intermediates.noindex/ArchiveIntermediates/AppAttestLab/IntermediateBuildFilesPath/SwiftExplicitPrecompiledModules -clang-scanner-module-cache-path /Users/amiller/projects/appattest-iphone-20260923/ios-app-attest/build/adhoc/modified/dd/ModuleCache.noindex -sdk-module-cache-path /Users/amiller/projects/appattest-iphone-20260923/ios-app-attest/build/adhoc/modified/dd/SDKExplicitPrecompiledModules -emit-dependencies -emit-module -emit-module-path /Users/amiller/projects/appattest-iphone-20260923/ios-app-attest/build/adhoc/modified/dd/Build/Intermediates.noindex/ArchiveIntermediates/AppAttestLab/IntermediateBuildFilesPath/AppAttestLab.build/Release-iphoneos/AppAttestLab.build/Objects-normal/arm64/AppAttestLab.swiftmodule -serialize-diagnostics -dependency-scan-serialize-diagnostics-path /Users/amiller/projects/appattest-iphone-20260923/ios-app-attest/build/adhoc/modified/dd/Build/Intermediates.noindex/ArchiveIntermediates/AppAttestLab/IntermediateBuildFilesPath/AppAttestLab.build/Release-iphoneos/AppAttestLab.build/Objects-normal/arm64/AppAttestLab-dependency-scan.dia -validate-clang-modules-once -clang-build-session-file /Users/amiller/projects/appattest-iphone-20260923/ios-app-attest/build/adhoc/modified/dd/ModuleCache.noindex/Session.modulevalidation -Xcc -fmodules-prune-interval\=86400 -Xcc -fmodules-prune-after\=345600 -emit-const-values -const-gather-protocols-list /Users/amiller/projects/appattest-iphone-20260923/ios-app-attest/build/adhoc/modified/dd/Build/Intermediates.noindex/ArchiveIntermediates/AppAttestLab/IntermediateBuildFilesPath/AppAttestLab.build/Release-iphoneos/AppAttestLab.build/Objects-normal/arm64/AppAttestLab_const_extract_protocols.json -Xcc -iquote -Xcc /Users/amiller/projects/appattest-iphone-20260923/ios-app-attest/build/adhoc/modified/dd/Build/Intermediates.noindex/ArchiveIntermediates/AppAttestLab/IntermediateBuildFilesPath/AppAttestLab.build/Release-iphoneos/AppAttestLab.build/AppAttestLab-generated-files.hmap -Xcc -I/Users/amiller/projects/appattest-iphone-20260923/ios-app-attest/build/adhoc/modified/dd/Build/Intermediates.noindex/ArchiveIntermediates/AppAttestLab/IntermediateBuildFilesPath/AppAttestLab.build/Release-iphoneos/AppAttestLab.build/AppAttestLab-own-target-headers.hmap -Xcc -I/Users/amiller/projects/appattest-iphone-20260923/ios-app-attest/build/adhoc/modified/dd/Build/Intermediates.noindex/ArchiveIntermediates/AppAttestLab/IntermediateBuildFilesPath/AppAttestLab.build/Release-iphoneos/AppAttestLab.build/AppAttestLab-all-target-headers.hmap -Xcc -iquote -Xcc /Users/amiller/projects/appattest-iphone-20260923/ios-app-attest/build/adhoc/modified/dd/Build/Intermediates.noindex/ArchiveIntermediates/AppAttestLab/IntermediateBuildFilesPath/AppAttestLab.build/Release-iphoneos/AppAttestLab.build/AppAttestLab-project-headers.hmap -Xcc -I/Users/amiller/projects/appattest-iphone-20260923/ios-app-attest/build/adhoc/modified/dd/Build/Intermediates.noindex/ArchiveIntermediates/AppAttestLab/BuildProductsPath/Release-iphoneos/include -Xcc -I/Users/amiller/projects/appattest-iphone-20260923/ios-app-attest/build/adhoc/modified/dd/Build/Intermediates.noindex/ArchiveIntermediates/AppAttestLab/IntermediateBuildFilesPath/AppAttestLab.build/Release-iphoneos/AppAttestLab.build/DerivedSources-normal/arm64 -Xcc -I/Users/amiller/projects/appattest-iphone-20260923/ios-app-attest/build/adhoc/modified/dd/Build/Intermediates.noindex/ArchiveIntermediates/AppAttestLab/IntermediateBuildFilesPath/AppAttestLab.build/Release-iphoneos/AppAttestLab.build/DerivedSources/arm64 -Xcc -I/Users/amiller/projects/appattest-iphone-20260923/ios-app-attest/build/adhoc/modified/dd/Build/Intermediates.noindex/ArchiveIntermediates/AppAttestLab/IntermediateBuildFilesPath/AppAttestLab.build/Release-iphoneos/AppAttestLab.build/DerivedSources -emit-objc-header -emit-objc-header-path /Users/amiller/projects/appattest-iphone-20260923/ios-app-attest/build/adhoc/modified/dd/Build/Intermediates.noindex/ArchiveIntermediates/AppAttestLab/IntermediateBuildFilesPath/AppAttestLab.build/Release-iphoneos/AppAttestLab.build/Objects-normal/arm64/AppAttestLab-Swift.h -working-directory /Users/amiller/projects/appattest-iphone-20260923/ios-app-attest/app -experimental-emit-module-separately -disable-cmo

Ld /Users/amiller/projects/appattest-iphone-20260923/ios-app-attest/build/adhoc/modified/dd/Build/Intermediates.noindex/ArchiveIntermediates/AppAttestLab/InstallationBuildProductsLocation/Applications/AppAttestLab.app/AppAttestLab normal (in target 'AppAttestLab' from project 'AppAttestLab')
    cd /Users/amiller/projects/appattest-iphone-20260923/ios-app-attest/app
    /Applications/Xcode-27.0.0.app/Contents/Developer/Toolchains/XcodeDefault.xctoolchain/usr/bin/clang -Xlinker -reproducible -target arm64-apple-ios16.0 -isysroot /Applications/Xcode-27.0.0.app/Contents/Developer/Platforms/iPhoneOS.platform/Developer/SDKs/iPhoneOS27.0.sdk -Os -Xlinker -no_warn_duplicate_libraries -L/Users/amiller/projects/appattest-iphone-20260923/ios-app-attest/build/adhoc/modified/dd/Build/Intermediates.noindex/ArchiveIntermediates/AppAttestLab/IntermediateBuildFilesPath/EagerLinkingTBDs/Release-iphoneos -L/Users/amiller/projects/appattest-iphone-20260923/ios-app-attest/build/adhoc/modified/dd/Build/Intermediates.noindex/ArchiveIntermediates/AppAttestLab/BuildProductsPath/Release-iphoneos -F/Users/amiller/projects/appattest-iphone-20260923/ios-app-attest/build/adhoc/modified/dd/Build/Intermediates.noindex/ArchiveIntermediates/AppAttestLab/IntermediateBuildFilesPath/EagerLinkingTBDs/Release-iphoneos -F/Users/amiller/projects/appattest-iphone-20260923/ios-app-attest/build/adhoc/modified/dd/Build/Intermediates.noindex/ArchiveIntermediates/AppAttestLab/BuildProductsPath/Release-iphoneos -filelist /Users/amiller/projects/appattest-iphone-20260923/ios-app-attest/build/adhoc/modified/dd/Build/Intermediates.noindex/ArchiveIntermediates/AppAttestLab/IntermediateBuildFilesPath/AppAttestLab.build/Release-iphoneos/AppAttestLab.build/Objects-normal/arm64/AppAttestLab.LinkFileList -Xlinker -rpath -Xlinker /usr/lib/swift -Xlinker -dead_strip -Xlinker -object_path_lto -Xlinker /Users/amiller/projects/appattest-iphone-20260923/ios-app-attest/build/adhoc/modified/dd/Build/Intermediates.noindex/ArchiveIntermediates/AppAttestLab/IntermediateBuildFilesPath/AppAttestLab.build/Release-iphoneos/AppAttestLab.build/Objects-normal/arm64/AppAttestLab_lto.o -Xlinker -final_output -Xlinker /Applications/AppAttestLab.app/AppAttestLab -Xlinker -dependency_info -Xlinker /Users/amiller/projects/appattest-iphone-20260923/ios-app-attest/build/adhoc/modified/dd/Build/Intermediates.noindex/ArchiveIntermediates/AppAttestLab/IntermediateBuildFilesPath/AppAttestLab.build/Release-iphoneos/AppAttestLab.build/Objects-normal/arm64/AppAttestLab_dependency_info.dat -fobjc-link-runtime -L/Applications/Xcode-27.0.0.app/Contents/Developer/Toolchains/XcodeDefault.xctoolchain/usr/lib/swift/iphoneos -L/usr/lib/swift -Xlinker -add_ast_path -Xlinker /Users/amiller/projects/appattest-iphone-20260923/ios-app-attest/build/adhoc/modified/dd/Build/Intermediates.noindex/ArchiveIntermediates/AppAttestLab/IntermediateBuildFilesPath/AppAttestLab.build/Release-iphoneos/AppAttestLab.build/Objects-normal/arm64/AppAttestLab.swiftmodule -Xlinker -no_adhoc_codesign -o /Users/amiller/projects/appattest-iphone-20260923/ios-app-attest/build/adhoc/modified/dd/Build/Intermediates.noindex/ArchiveIntermediates/AppAttestLab/InstallationBuildProductsLocation/Applications/AppAttestLab.app/AppAttestLab

CopySwiftLibs /Users/amiller/projects/appattest-iphone-20260923/ios-app-attest/build/adhoc/modified/dd/Build/Intermediates.noindex/ArchiveIntermediates/AppAttestLab/InstallationBuildProductsLocation/Applications/AppAttestLab.app (in target 'AppAttestLab' from project 'AppAttestLab')
    cd /Users/amiller/projects/appattest-iphone-20260923/ios-app-attest/app
    builtin-swiftStdLibTool --copy --verbose --sign 7B08CCB90D02268C501CF0B19FC5611617C882E2 --Xcodesign --keychain --Xcodesign /Users/amiller/Library/Keychains/dsmack.keychain-db --scan-executable /Users/amiller/projects/appattest-iphone-20260923/ios-app-attest/build/adhoc/modified/dd/Build/Intermediates.noindex/ArchiveIntermediates/AppAttestLab/InstallationBuildProductsLocation/Applications/AppAttestLab.app/AppAttestLab --scan-folder /Users/amiller/projects/appattest-iphone-20260923/ios-app-attest/build/adhoc/modified/dd/Build/Intermediates.noindex/ArchiveIntermediates/AppAttestLab/InstallationBuildProductsLocation/Applications/AppAttestLab.app/Frameworks --scan-folder /Users/amiller/projects/appattest-iphone-20260923/ios-app-attest/build/adhoc/modified/dd/Build/Intermediates.noindex/ArchiveIntermediates/AppAttestLab/InstallationBuildProductsLocation/Applications/AppAttestLab.app/PlugIns --scan-folder /Users/amiller/projects/appattest-iphone-20260923/ios-app-attest/build/adhoc/modified/dd/Build/Intermediates.noindex/ArchiveIntermediates/AppAttestLab/InstallationBuildProductsLocation/Applications/AppAttestLab.app/SystemExtensions --scan-folder /Users/amiller/projects/appattest-iphone-20260923/ios-app-attest/build/adhoc/modified/dd/Build/Intermediates.noindex/ArchiveIntermediates/AppAttestLab/InstallationBuildProductsLocation/Applications/AppAttestLab.app/Extensions --platform iphoneos --toolchain /Applications/Xcode-27.0.0.app/Contents/Developer/Toolchains/XcodeDefault.xctoolchain --destination /Users/amiller/projects/appattest-iphone-20260923/ios-app-attest/build/adhoc/modified/dd/Build/Intermediates.noindex/ArchiveIntermediates/AppAttestLab/InstallationBuildProductsLocation/Applications/AppAttestLab.app/Frameworks --unsigned-destination /Users/amiller/projects/appattest-iphone-20260923/ios-app-attest/build/adhoc/modified/dd/Build/Intermediates.noindex/ArchiveIntermediates/AppAttestLab/BuildProductsPath/SwiftSupport --strip-bitcode --strip-bitcode-tool /Applications/Xcode-27.0.0.app/Contents/Developer/Toolchains/XcodeDefault.xctoolchain/usr/bin/bitcode_strip --emit-dependency-info /Users/amiller/projects/appattest-iphone-20260923/ios-app-attest/build/adhoc/modified/dd/Build/Intermediates.noindex/ArchiveIntermediates/AppAttestLab/IntermediateBuildFilesPath/AppAttestLab.build/Release-iphoneos/AppAttestLab.build/SwiftStdLibToolInputDependencies.dep --filter-for-swift-os --back-deploy-swift-span

ExtractAppIntentsMetadata (in target 'AppAttestLab' from project 'AppAttestLab')
    cd /Users/amiller/projects/appattest-iphone-20260923/ios-app-attest/app
    /Applications/Xcode-27.0.0.app/Contents/Developer/Toolchains/XcodeDefault.xctoolchain/usr/bin/appintentsmetadataprocessor --toolchain-dir /Applications/Xcode-27.0.0.app/Contents/Developer/Toolchains/XcodeDefault.xctoolchain --module-name AppAttestLab --sdk-root /Applications/Xcode-27.0.0.app/Contents/Developer/Platforms/iPhoneOS.platform/Developer/SDKs/iPhoneOS27.0.sdk --xcode-version 27A266a --platform-family iOS --deployment-target 16.0 --bundle-identifier dev.dsmack.provider --output /Users/amiller/projects/appattest-iphone-20260923/ios-app-attest/build/adhoc/modified/dd/Build/Intermediates.noindex/ArchiveIntermediates/AppAttestLab/InstallationBuildProductsLocation/Applications/AppAttestLab.app --target-triple arm64-apple-ios16.0 --binary-file /Users/amiller/projects/appattest-iphone-20260923/ios-app-attest/build/adhoc/modified/dd/Build/Intermediates.noindex/ArchiveIntermediates/AppAttestLab/InstallationBuildProductsLocation/Applications/AppAttestLab.app/AppAttestLab --dependency-file /Users/amiller/projects/appattest-iphone-20260923/ios-app-attest/build/adhoc/modified/dd/Build/Intermediates.noindex/ArchiveIntermediates/AppAttestLab/IntermediateBuildFilesPath/AppAttestLab.build/Release-iphoneos/AppAttestLab.build/Objects-normal/arm64/AppAttestLab_dependency_info.dat --stringsdata-file /Users/amiller/projects/appattest-iphone-20260923/ios-app-attest/build/adhoc/modified/dd/Build/Intermediates.noindex/ArchiveIntermediates/AppAttestLab/IntermediateBuildFilesPath/AppAttestLab.build/Release-iphoneos/AppAttestLab.build/Objects-normal/arm64/ExtractedAppShortcutsMetadata.stringsdata --source-file-list /Users/amiller/projects/appattest-iphone-20260923/ios-app-attest/build/adhoc/modified/dd/Build/Intermediates.noindex/ArchiveIntermediates/AppAttestLab/IntermediateBuildFilesPath/AppAttestLab.build/Release-iphoneos/AppAttestLab.build/Objects-normal/arm64/AppAttestLab.SwiftFileList --metadata-file-list /Users/amiller/projects/appattest-iphone-20260923/ios-app-attest/build/adhoc/modified/dd/Build/Intermediates.noindex/ArchiveIntermediates/AppAttestLab/IntermediateBuildFilesPath/AppAttestLab.build/Release-iphoneos/AppAttestLab.build/AppAttestLab.DependencyMetadataFileList --static-metadata-file-list /Users/amiller/projects/appattest-iphone-20260923/ios-app-attest/build/adhoc/modified/dd/Build/Intermediates.noindex/ArchiveIntermediates/AppAttestLab/IntermediateBuildFilesPath/AppAttestLab.build/Release-iphoneos/AppAttestLab.build/AppAttestLab.DependencyStaticMetadataFileList --swift-const-vals-list /Users/amiller/projects/appattest-iphone-20260923/ios-app-attest/build/adhoc/modified/dd/Build/Intermediates.noindex/ArchiveIntermediates/AppAttestLab/IntermediateBuildFilesPath/AppAttestLab.build/Release-iphoneos/AppAttestLab.build/Objects-normal/arm64/AppAttestLab.SwiftConstValuesFileList --compile-time-extraction --deployment-aware-processing --no-app-shortcuts-localization
2026-09-23 11:17:09.232 appintentsmetadataprocessor[78189:5877500] Starting appintentsmetadataprocessor export
2026-09-23 11:17:09.233 appintentsmetadataprocessor[78189:5877500] warning: Metadata extraction skipped, no AppIntents.framework dependency found

GenerateDSYMFile /Users/amiller/projects/appattest-iphone-20260923/ios-app-attest/build/adhoc/modified/dd/Build/Intermediates.noindex/ArchiveIntermediates/AppAttestLab/BuildProductsPath/Release-iphoneos/AppAttestLab.app.dSYM /Users/amiller/projects/appattest-iphone-20260923/ios-app-attest/build/adhoc/modified/dd/Build/Intermediates.noindex/ArchiveIntermediates/AppAttestLab/InstallationBuildProductsLocation/Applications/AppAttestLab.app/AppAttestLab (in target 'AppAttestLab' from project 'AppAttestLab')
    cd /Users/amiller/projects/appattest-iphone-20260923/ios-app-attest/app
    export PATH\=/Applications/Xcode-27.0.0.app/Contents/SharedFrameworks/SwiftBuild.framework/Versions/A/PlugIns/SWBBuildService.bundle/Contents/PlugIns/SWBUniversalPlatformPlugin.bundle/Contents/Frameworks/SWBUniversalPlatform.framework/Resources:/Applications/Xcode-27.0.0.app/Contents/Developer/Toolchains/XcodeDefault.xctoolchain/usr/bin:/Applications/Xcode-27.0.0.app/Contents/Developer/Toolchains/XcodeDefault.xctoolchain/usr/local/bin:/Applications/Xcode-27.0.0.app/Contents/Developer/Toolchains/XcodeDefault.xctoolchain/usr/libexec:/Applications/Xcode-27.0.0.app/Contents/Developer/Platforms/iPhoneOS.platform/usr/bin:/Applications/Xcode-27.0.0.app/Contents/Developer/Platforms/iPhoneOS.platform/usr/local/bin:/Applications/Xcode-27.0.0.app/Contents/Developer/Platforms/iPhoneOS.platform/Developer/usr/bin:/Applications/Xcode-27.0.0.app/Contents/Developer/Platforms/iPhoneOS.platform/Developer/usr/local/bin:/Applications/Xcode-27.0.0.app/Contents/Developer/usr/bin:/Applications/Xcode-27.0.0.app/Contents/Developer/usr/local/bin:/usr/bin:/bin:/usr/sbin:/sbin
    /Applications/Xcode-27.0.0.app/Contents/Developer/Toolchains/XcodeDefault.xctoolchain/usr/bin/dsymutil /Users/amiller/projects/appattest-iphone-20260923/ios-app-attest/build/adhoc/modified/dd/Build/Intermediates.noindex/ArchiveIntermediates/AppAttestLab/InstallationBuildProductsLocation/Applications/AppAttestLab.app/AppAttestLab -o /Users/amiller/projects/appattest-iphone-20260923/ios-app-attest/build/adhoc/modified/dd/Build/Intermediates.noindex/ArchiveIntermediates/AppAttestLab/BuildProductsPath/Release-iphoneos/AppAttestLab.app.dSYM

AppIntentsSSUTraining (in target 'AppAttestLab' from project 'AppAttestLab')
    cd /Users/amiller/projects/appattest-iphone-20260923/ios-app-attest/app
    /Applications/Xcode-27.0.0.app/Contents/Developer/Toolchains/XcodeDefault.xctoolchain/usr/bin/appintentsnltrainingprocessor --infoplist-path /Users/amiller/projects/appattest-iphone-20260923/ios-app-attest/build/adhoc/modified/dd/Build/Intermediates.noindex/ArchiveIntermediates/AppAttestLab/InstallationBuildProductsLocation/Applications/AppAttestLab.app/Info.plist --temp-dir-path /Users/amiller/projects/appattest-iphone-20260923/ios-app-attest/build/adhoc/modified/dd/Build/Intermediates.noindex/ArchiveIntermediates/AppAttestLab/IntermediateBuildFilesPath/AppAttestLab.build/Release-iphoneos/AppAttestLab.build/ssu --bundle-id dev.dsmack.provider --product-path /Users/amiller/projects/appattest-iphone-20260923/ios-app-attest/build/adhoc/modified/dd/Build/Intermediates.noindex/ArchiveIntermediates/AppAttestLab/InstallationBuildProductsLocation/Applications/AppAttestLab.app --extracted-metadata-path /Users/amiller/projects/appattest-iphone-20260923/ios-app-attest/build/adhoc/modified/dd/Build/Intermediates.noindex/ArchiveIntermediates/AppAttestLab/InstallationBuildProductsLocation/Applications/AppAttestLab.app/Metadata.appintents --deployment-postprocessing --metadata-file-list /Users/amiller/projects/appattest-iphone-20260923/ios-app-attest/build/adhoc/modified/dd/Build/Intermediates.noindex/ArchiveIntermediates/AppAttestLab/IntermediateBuildFilesPath/AppAttestLab.build/Release-iphoneos/AppAttestLab.build/AppAttestLab.DependencyMetadataFileList --source-file /Users/amiller/projects/appattest-iphone-20260923/ios-app-attest/build/adhoc/modified/dd/Build/Intermediates.noindex/ArchiveIntermediates/AppAttestLab/InstallationBuildProductsLocation/Applications/AppAttestLab.app/Info.plist --archive-ssu-assets
2026-09-23 11:17:09.250 appintentsnltrainingprocessor[78191:5877504] Parsing options for appintentsnltrainingprocessor
2026-09-23 11:17:09.250 appintentsnltrainingprocessor[78191:5877504] Starting AppIntents SSU YAML Generation
2026-09-23 11:17:09.251 appintentsnltrainingprocessor[78191:5877504] No AppShortcuts found - Skipping.

Strip /Users/amiller/projects/appattest-iphone-20260923/ios-app-attest/build/adhoc/modified/dd/Build/Intermediates.noindex/ArchiveIntermediates/AppAttestLab/InstallationBuildProductsLocation/Applications/AppAttestLab.app/AppAttestLab (in target 'AppAttestLab' from project 'AppAttestLab')
    cd /Users/amiller/projects/appattest-iphone-20260923/ios-app-attest/app
    /Applications/Xcode-27.0.0.app/Contents/Developer/Toolchains/XcodeDefault.xctoolchain/usr/bin/strip -D /Users/amiller/projects/appattest-iphone-20260923/ios-app-attest/build/adhoc/modified/dd/Build/Intermediates.noindex/ArchiveIntermediates/AppAttestLab/InstallationBuildProductsLocation/Applications/AppAttestLab.app/AppAttestLab

SetOwnerAndGroup amiller:staff /Users/amiller/projects/appattest-iphone-20260923/ios-app-attest/build/adhoc/modified/dd/Build/Intermediates.noindex/ArchiveIntermediates/AppAttestLab/InstallationBuildProductsLocation/Applications/AppAttestLab.app (in target 'AppAttestLab' from project 'AppAttestLab')
    cd /Users/amiller/projects/appattest-iphone-20260923/ios-app-attest/app
    /usr/sbin/chown -RH amiller:staff /Users/amiller/projects/appattest-iphone-20260923/ios-app-attest/build/adhoc/modified/dd/Build/Intermediates.noindex/ArchiveIntermediates/AppAttestLab/InstallationBuildProductsLocation/Applications/AppAttestLab.app

SetMode u+w,go-w,a+rX /Users/amiller/projects/appattest-iphone-20260923/ios-app-attest/build/adhoc/modified/dd/Build/Intermediates.noindex/ArchiveIntermediates/AppAttestLab/InstallationBuildProductsLocation/Applications/AppAttestLab.app (in target 'AppAttestLab' from project 'AppAttestLab')
    cd /Users/amiller/projects/appattest-iphone-20260923/ios-app-attest/app
    /bin/chmod -RH u+w,go-w,a+rX /Users/amiller/projects/appattest-iphone-20260923/ios-app-attest/build/adhoc/modified/dd/Build/Intermediates.noindex/ArchiveIntermediates/AppAttestLab/InstallationBuildProductsLocation/Applications/AppAttestLab.app

CodeSign /Users/amiller/projects/appattest-iphone-20260923/ios-app-attest/build/adhoc/modified/dd/Build/Intermediates.noindex/ArchiveIntermediates/AppAttestLab/InstallationBuildProductsLocation/Applications/AppAttestLab.app (in target 'AppAttestLab' from project 'AppAttestLab')
    cd /Users/amiller/projects/appattest-iphone-20260923/ios-app-attest/app
    
    Signing Identity:     "Apple Development: Andrew Miller (QJUJ9F2UE4)"
    Provisioning Profile: "iOS Team Provisioning Profile: dev.dsmack.provider"
                          (bea1b870-3667-4902-b62d-4b0001b9aca6)
    
    /usr/bin/codesign --force --sign 7B08CCB90D02268C501CF0B19FC5611617C882E2 --keychain /Users/amiller/Library/Keychains/dsmack.keychain-db --entitlements /Users/amiller/projects/appattest-iphone-20260923/ios-app-attest/build/adhoc/modified/dd/Build/Intermediates.noindex/ArchiveIntermediates/AppAttestLab/IntermediateBuildFilesPath/AppAttestLab.build/Release-iphoneos/AppAttestLab.build/AppAttestLab.app.xcent --generate-entitlement-der /Users/amiller/projects/appattest-iphone-20260923/ios-app-attest/build/adhoc/modified/dd/Build/Intermediates.noindex/ArchiveIntermediates/AppAttestLab/InstallationBuildProductsLocation/Applications/AppAttestLab.app

RegisterExecutionPolicyException /Users/amiller/projects/appattest-iphone-20260923/ios-app-attest/build/adhoc/modified/dd/Build/Intermediates.noindex/ArchiveIntermediates/AppAttestLab/InstallationBuildProductsLocation/Applications/AppAttestLab.app (in target 'AppAttestLab' from project 'AppAttestLab')
    cd /Users/amiller/projects/appattest-iphone-20260923/ios-app-attest/app
    builtin-RegisterExecutionPolicyException /Users/amiller/projects/appattest-iphone-20260923/ios-app-attest/build/adhoc/modified/dd/Build/Intermediates.noindex/ArchiveIntermediates/AppAttestLab/InstallationBuildProductsLocation/Applications/AppAttestLab.app

Validate /Users/amiller/projects/appattest-iphone-20260923/ios-app-attest/build/adhoc/modified/dd/Build/Intermediates.noindex/ArchiveIntermediates/AppAttestLab/InstallationBuildProductsLocation/Applications/AppAttestLab.app (in target 'AppAttestLab' from project 'AppAttestLab')
    cd /Users/amiller/projects/appattest-iphone-20260923/ios-app-attest/app
    builtin-validationUtility /Users/amiller/projects/appattest-iphone-20260923/ios-app-attest/build/adhoc/modified/dd/Build/Intermediates.noindex/ArchiveIntermediates/AppAttestLab/InstallationBuildProductsLocation/Applications/AppAttestLab.app -shallow-bundle -infoplist-subpath Info.plist

Touch /Users/amiller/projects/appattest-iphone-20260923/ios-app-attest/build/adhoc/modified/dd/Build/Intermediates.noindex/ArchiveIntermediates/AppAttestLab/InstallationBuildProductsLocation/Applications/AppAttestLab.app (in target 'AppAttestLab' from project 'AppAttestLab')
    cd /Users/amiller/projects/appattest-iphone-20260923/ios-app-attest/app
    /usr/bin/touch -c /Users/amiller/projects/appattest-iphone-20260923/ios-app-attest/build/adhoc/modified/dd/Build/Intermediates.noindex/ArchiveIntermediates/AppAttestLab/InstallationBuildProductsLocation/Applications/AppAttestLab.app

PruneExplicitPrecompiledModules /Users/amiller/projects/appattest-iphone-20260923/ios-app-attest/build/adhoc/modified/dd/SDKExplicitPrecompiledModules

PruneExplicitPrecompiledModules /Users/amiller/projects/appattest-iphone-20260923/ios-app-attest/build/adhoc/modified/dd/Build/Intermediates.noindex/ArchiveIntermediates/AppAttestLab/IntermediateBuildFilesPath/ExplicitPrecompiledModules

PruneExplicitPrecompiledModules /Users/amiller/projects/appattest-iphone-20260923/ios-app-attest/build/adhoc/modified/dd/Build/Intermediates.noindex/ArchiveIntermediates/AppAttestLab/IntermediateBuildFilesPath/SwiftExplicitPrecompiledModules

** ARCHIVE SUCCEEDED **

2026-09-23 11:17:09.692 xcodebuild[78198:5877522] [MT] IDEDistribution: -[IDEDistributionLogging _createLoggingBundleAtPath:]: Created bundle at path "/var/folders/zw/ztdxnkhs069cqlx39s60cdjc0000gn/T/AppAttestLab_2026-09-23_11-17-09.692.xcdistributionlogs".
Exported AppAttestLab to: /Users/amiller/projects/appattest-iphone-20260923/ios-app-attest/build/adhoc/modified/export
** EXPORT SUCCEEDED **

Exported /Users/amiller/projects/appattest-iphone-20260923/ios-app-attest/build/adhoc/modified/export/AppAttestLab.ipa
